<html>
<body>
<pre>
<h1>µVision Build Log</h1>
<h2>Tool Versions:</h2>
IDE-Version: ¦ÌVision V5.14.0.0
Copyright (C) 2015 ARM Ltd and ARM Germany GmbH. All rights reserved.
License Information: alientek ALIENTEK, alientek, LIC=LSNY8-3LMEU-Z96G9-429NA-4JUCU-KH642
 
Tool Versions:
Toolchain:       MDK-ARM Standard  Version: 5.14.0.0
Toolchain Path:  E:\MDK5\ARM\ARMCC\Bin
C Compiler:      Armcc.exe V5.05 update 1 (build 106)
Assembler:       Armasm.exe V5.05 update 1 (build 106)
Linker/Locator:  ArmLink.exe V5.05 update 1 (build 106)
Library Manager: ArmAr.exe V5.05 update 1 (build 106)
Hex Converter:   FromElf.exe V5.05 update 1 (build 106)
CPU DLL:         SARMCM3.DLL V5.14.0.0
Dialog DLL:      DCM.DLL V1.13.1.0
Target DLL:      STLink\ST-LINKIII-KEIL_SWO.dll V2.0.14.0_KEIL
Dialog DLL:      TCM.DLL V1.14.4.0
 
<h2>Project:</h2>
D:\STM32CubeMx\KEY\MDK-ARM\KEY.uvprojx
Project File Date:  04/30/2021

<h2>Output:</h2>
Build target 'KEY'
compiling stm32f1xx_hal_gpio.c...
../Drivers/STM32F1xx_HAL_Driver/Src/stm32f1xx_hal_gpio.c(569): warning:  #188-D: enumerated type mixed with another type
                        HAL_GPIO_WritePin(GPIOA,GPIO_PIN_1,0);
../Drivers/STM32F1xx_HAL_Driver/Src/stm32f1xx_hal_gpio.c(570): warning:  #188-D: enumerated type mixed with another type
                        HAL_GPIO_WritePin(GPIOA,GPIO_PIN_2,0);
../Drivers/STM32F1xx_HAL_Driver/Src/stm32f1xx_hal_gpio.c(578): warning:  #188-D: enumerated type mixed with another type
                        HAL_GPIO_WritePin(GPIOA,GPIO_PIN_1,1);
../Drivers/STM32F1xx_HAL_Driver/Src/stm32f1xx_hal_gpio.c(579): warning:  #188-D: enumerated type mixed with another type
                        HAL_GPIO_WritePin(GPIOA,GPIO_PIN_2,1);
../Drivers/STM32F1xx_HAL_Driver/Src/stm32f1xx_hal_gpio.c: 4 warnings, 0 errors
linking...
Program Size: Code=2598 RO-data=286 RW-data=16 ZI-data=1024  
FromELF: creating hex file...
"KEY\KEY.axf" - 0 Error(s), 4 Warning(s).

<h2>Software Packages used:</h2>

Package Vendor: ARM
                http://www.keil.com/pack/ARM.CMSIS.4.2.0.pack
                ARM::CMSIS:CORE:3.40.0
                CMSIS (Cortex Microcontroller Software Interface Standard)
   * Component: CORE Version: 3.40.0

<h2>Collection of Component include folders:</h2>
  D:\STM32CubeMx\KEY\MDK-ARM\RTE
  E:\MDK5\ARM\PACK\ARM\CMSIS\4.2.0\CMSIS\Include
  E:\MDK5\ARM\PACK\Keil\STM32F1xx_DFP\1.0.5\Device\Include

<h2>Collection of Component Files used:</h2>

   * Component: ARM::CMSIS:CORE:3.40.0
      Source file:   CMSIS\UserCodeTemplates\ARM\ITM_Retarget.c
</pre>
</body>
</html>
