Component: ARM Compiler 5.05 update 1 (build 106) Tool: armlink [4d0efa]

==============================================================================

Section Cross References

    startup_stm32f103xe.o(STACK) refers (Special) to heapauxi.o(.text) for __use_two_region_memory
    startup_stm32f103xe.o(HEAP) refers (Special) to heapauxi.o(.text) for __use_two_region_memory
    startup_stm32f103xe.o(RESET) refers (Special) to heapauxi.o(.text) for __use_two_region_memory
    startup_stm32f103xe.o(RESET) refers to startup_stm32f103xe.o(STACK) for __initial_sp
    startup_stm32f103xe.o(RESET) refers to startup_stm32f103xe.o(.text) for Reset_Handler
    startup_stm32f103xe.o(RESET) refers to stm32f1xx_it.o(i.NMI_Handler) for NMI_Handler
    startup_stm32f103xe.o(RESET) refers to stm32f1xx_it.o(i.HardFault_Handler) for HardFault_Handler
    startup_stm32f103xe.o(RESET) refers to stm32f1xx_it.o(i.MemManage_Handler) for MemManage_Handler
    startup_stm32f103xe.o(RESET) refers to stm32f1xx_it.o(i.BusFault_Handler) for BusFault_Handler
    startup_stm32f103xe.o(RESET) refers to stm32f1xx_it.o(i.UsageFault_Handler) for UsageFault_Handler
    startup_stm32f103xe.o(RESET) refers to stm32f1xx_it.o(i.SVC_Handler) for SVC_Handler
    startup_stm32f103xe.o(RESET) refers to stm32f1xx_it.o(i.DebugMon_Handler) for DebugMon_Handler
    startup_stm32f103xe.o(RESET) refers to stm32f1xx_it.o(i.PendSV_Handler) for PendSV_Handler
    startup_stm32f103xe.o(RESET) refers to stm32f1xx_it.o(i.SysTick_Handler) for SysTick_Handler
    startup_stm32f103xe.o(.text) refers (Special) to heapauxi.o(.text) for __use_two_region_memory
    startup_stm32f103xe.o(.text) refers to system_stm32f1xx.o(i.SystemInit) for SystemInit
    startup_stm32f103xe.o(.text) refers to __main.o(!!!main) for __main
    startup_stm32f103xe.o(.text) refers to startup_stm32f103xe.o(HEAP) for Heap_Mem
    startup_stm32f103xe.o(.text) refers to startup_stm32f103xe.o(STACK) for Stack_Mem
    oled_1.o(i.OLED_Clear) refers to oled_1.o(i.OLED_Refresh_Gram) for OLED_Refresh_Gram
    oled_1.o(i.OLED_Clear) refers to oled_1.o(.bss) for .bss
    oled_1.o(i.OLED_ClearPoint) refers to oled_1.o(.bss) for .bss
    oled_1.o(i.OLED_ColorTurn) refers to oled_1.o(i.OLED_WR_Byte) for OLED_WR_Byte
    oled_1.o(i.OLED_DisPlay_Off) refers to oled_1.o(i.OLED_WR_Byte) for OLED_WR_Byte
    oled_1.o(i.OLED_DisPlay_On) refers to oled_1.o(i.OLED_WR_Byte) for OLED_WR_Byte
    oled_1.o(i.OLED_DisplayTurn) refers to oled_1.o(i.OLED_WR_Byte) for OLED_WR_Byte
    oled_1.o(i.OLED_DrawPoint) refers to oled_1.o(.bss) for .bss
    oled_1.o(i.OLED_Init) refers to oled_1.o(i.OLED_WR_Byte) for OLED_WR_Byte
    oled_1.o(i.OLED_Init) refers to oled_1.o(i.OLED_Clear) for OLED_Clear
    oled_1.o(i.OLED_Refresh_Gram) refers to oled_1.o(i.OLED_WR_Byte) for OLED_WR_Byte
    oled_1.o(i.OLED_Refresh_Gram) refers to oled_1.o(.bss) for .bss
    oled_1.o(i.OLED_ShowChar) refers to oled_1.o(i.OLED_DrawPoint) for OLED_DrawPoint
    oled_1.o(i.OLED_ShowChar) refers to oled_1.o(.constdata) for .constdata
    oled_1.o(i.OLED_ShowChinese) refers to oled_1.o(i.OLED_DrawPoint) for OLED_DrawPoint
    oled_1.o(i.OLED_ShowChinese) refers to oled_1.o(i.OLED_ClearPoint) for OLED_ClearPoint
    oled_1.o(i.OLED_ShowChinese) refers to oled_1.o(.data) for .data
    oled_1.o(i.OLED_ShowNum) refers to oled_1.o(i.OLED_Pow) for OLED_Pow
    oled_1.o(i.OLED_ShowNum) refers to oled_1.o(i.OLED_ShowChar) for OLED_ShowChar
    oled_1.o(i.OLED_ShowString) refers to oled_1.o(i.OLED_Clear) for OLED_Clear
    oled_1.o(i.OLED_ShowString) refers to oled_1.o(i.OLED_ShowChar) for OLED_ShowChar
    oled_1.o(i.OLED_WR_BP) refers to oled_1.o(i.OLED_WR_Byte) for OLED_WR_Byte
    oled_1.o(i.OLED_WR_Byte) refers to oled_1.o(i.WriteDat) for WriteDat
    oled_1.o(i.OLED_WR_Byte) refers to oled_1.o(i.WriteCmd) for WriteCmd
    oled_1.o(i.WriteCmd) refers to stm32f1xx_hal_i2c_1.o(i.HAL_I2C_Mem_Write) for HAL_I2C_Mem_Write
    oled_1.o(i.WriteCmd) refers to i2c.o(.bss) for hi2c1
    oled_1.o(i.WriteDat) refers to stm32f1xx_hal_i2c_1.o(i.HAL_I2C_Mem_Write) for HAL_I2C_Mem_Write
    oled_1.o(i.WriteDat) refers to i2c.o(.bss) for hi2c1
    uicode.o(i._Z10drawCircleiiijiPd) refers to dflt_clz.o(x$fpl$dflt) for __aeabi_i2d
    uicode.o(i._Z10drawCircleiiijiPd) refers to dmul.o(x$fpl$dmul) for __aeabi_dmul
    uicode.o(i._Z10drawCircleiiijiPd) refers to cos.o(i.cos) for cos
    uicode.o(i._Z10drawCircleiiijiPd) refers to dfix.o(x$fpl$dfix) for __aeabi_d2iz
    uicode.o(i._Z10drawCircleiiijiPd) refers to sin.o(i.sin) for sin
    uicode.o(i._Z10drawCircleiiijiPd) refers to daddsub_clz.o(x$fpl$dadd) for __aeabi_dadd
    uicode.o(i._Z10drawCircleiiijiPd) refers to drleqf.o(x$fpl$drleqf) for __aeabi_cdrcmple
    uicode.o(i._Z10drawCircleiiijiPd) refers to dleqf.o(x$fpl$dleqf) for __aeabi_cdcmple
    uicode.o(i._Z10drawCircleiiijiPd) refers to uicode.o(.data) for .data
[...]
    i.__ARM_fpclassify                       0x08002ed0   Section        0  fpclassify.o(i.__ARM_fpclassify)
    i.__NVIC_SetPriority                     0x08002ef8   Section        0  stm32f1xx_hal_cortex.o(i.__NVIC_SetPriority)
    __NVIC_SetPriority                       0x08002ef9   Thumb Code    32  stm32f1xx_hal_cortex.o(i.__NVIC_SetPriority)
    i.__aeabi_atexit                         0x08002f18   Section        0  aeabi_atexit.o(i.__aeabi_atexit)
    i.__aeabi_vec_ctor_nocookie_nodtor       0x08002f4a   Section        0  aeabi_vec_ctor_nocookie_nodtor.o(i.__aeabi_vec_ctor_nocookie_nodtor)
    i.__cxa_finalize                         0x08002f6e   Section        0  cxa_finalize.o(i.__cxa_finalize)
    i.__cxa_guard_acquire                    0x08002fb0   Section        0  cxa_guard_acquire.o(i.__cxa_guard_acquire)
    i.__ieee754_rem_pio2                     0x08002fc0   Section        0  rred.o(i.__ieee754_rem_pio2)
    i.__kernel_cos                           0x08003348   Section        0  cos_i.o(i.__kernel_cos)
    i.__kernel_poly                          0x08003444   Section        0  poly.o(i.__kernel_poly)
    i.__kernel_sin                           0x080034f0   Section        0  sin_i.o(i.__kernel_sin)
    i.__mathlib_dbl_infnan                   0x080035dc   Section        0  dunder.o(i.__mathlib_dbl_infnan)
    i.__mathlib_dbl_invalid                  0x080035e2   Section        0  dunder.o(i.__mathlib_dbl_invalid)
    i.__mathlib_dbl_underflow                0x080035f0   Section        0  dunder.o(i.__mathlib_dbl_underflow)
    i.__sti___10_UIcode_cpp_396ac66f         0x08003600   Section        0  uicode.o(i.__sti___10_UIcode_cpp_396ac66f)
    __sti___10_UIcode_cpp_396ac66f           0x08003601   Thumb Code   748  uicode.o(i.__sti___10_UIcode_cpp_396ac66f)
    i.cos                                    0x08003944   Section        0  cos.o(i.cos)
    i.delay_ms                               0x080039e0   Section        0  main.o(i.delay_ms)
    i.gfx_draw_pixel                         0x080039e4   Section        0  main.o(i.gfx_draw_pixel)
    i.main                                   0x080039f0   Section        0  main.o(i.main)
    i.sin                                    0x08003a28   Section        0  sin.o(i.sin)
    i.startHelloCircle                       0x08003ac8   Section        0  uicode.o(i.startHelloCircle)
    x$fpl$dadd                               0x08003ad4   Section      336  daddsub_clz.o(x$fpl$dadd)
    _dadd1                                   0x08003ae5   Thumb Code     0  daddsub_clz.o(x$fpl$dadd)
    x$fpl$dcheck1                            0x08003c24   Section       16  dcheck1.o(x$fpl$dcheck1)
    x$fpl$dcmpinf                            0x08003c34   Section       24  dcmpi.o(x$fpl$dcmpinf)
    x$fpl$ddiv                               0x08003c4c   Section      688  ddiv.o(x$fpl$ddiv)
    ddiv_entry                               0x08003c53   Thumb Code     0  ddiv.o(x$fpl$ddiv)
    x$fpl$dfix                               0x08003efc   Section       94  dfix.o(x$fpl$dfix)
    x$fpl$dflt                               0x08003f5a   Section       46  dflt_clz.o(x$fpl$dflt)
    x$fpl$dfltu                              0x08003f88   Section       38  dflt_clz.o(x$fpl$dfltu)
    x$fpl$dleqf                              0x08003fb0   Section      120  dleqf.o(x$fpl$dleqf)
    x$fpl$dmul                               0x08004028   Section      340  dmul.o(x$fpl$dmul)
    x$fpl$dnaninf                            0x0800417c   Section      156  dnaninf.o(x$fpl$dnaninf)
    x$fpl$dretinf                            0x08004218   Section       12  dretinf.o(x$fpl$dretinf)
    x$fpl$drleqf                             0x08004224   Section      108  drleqf.o(x$fpl$drleqf)
    x$fpl$drsb                               0x08004290   Section       22  daddsub_clz.o(x$fpl$drsb)
    x$fpl$dsub                               0x080042a8   Section      468  daddsub_clz.o(x$fpl$dsub)
    _dsub1                                   0x080042b9   Thumb Code     0  daddsub_clz.o(x$fpl$dsub)
    x$fpl$retnan                             0x0800447c   Section      100  retnan.o(x$fpl$retnan)
    x$fpl$scalbn                             0x080044e0   Section       92  scalbn.o(x$fpl$scalbn)
    x$fpl$trapveneer                         0x0800453c   Section       48  trapv.o(x$fpl$trapveneer)
    .constdata                               0x0800456c   Section       16  system_stm32f1xx.o(.constdata)
    x$fpl$usenofp                            0x0800456c   Section        0  usenofp.o(x$fpl$usenofp)
    .constdata                               0x0800457c   Section        8  system_stm32f1xx.o(.constdata)
    .constdata                               0x08004588   Section       48  cos_i.o(.constdata)
    C                                        0x08004588   Data          48  cos_i.o(.constdata)
    .constdata                               0x080045b8   Section      200  rred.o(.constdata)
    pio2s                                    0x080045b8   Data          48  rred.o(.constdata)
    twooverpi                                0x080045e8   Data         152  rred.o(.constdata)
    .constdata                               0x08004680   Section       40  sin_i.o(.constdata)
    S                                        0x08004680   Data          40  sin_i.o(.constdata)
    .constdata__ZTV10c_keyboard              0x080046a8   Section       56  uicode.o(.constdata__ZTV10c_keyboard)
    .constdata__ZTV15c_surface_no_fb         0x080046e0   Section       24  uicode.o(.constdata__ZTV15c_surface_no_fb)
    .constdata__ZTV17c_bitmap_operator       0x080046f8   Section       16  uicode.o(.constdata__ZTV17c_bitmap_operator)
    .constdata__ZTV17c_keyboard_button       0x08004708   Section       52  uicode.o(.constdata__ZTV17c_keyboard_button)
    .constdata__ZTV17c_lattice_font_op       0x0800473c   Section       28  uicode.o(.constdata__ZTV17c_lattice_font_op)
    .constdata__ZTV5c_wnd                    0x08004758   Section       52  uicode.o(.constdata__ZTV5c_wnd)
    .constdata__ZTV9c_surface                0x0800478c   Section       24  uicode.o(.constdata__ZTV9c_surface)
    .constdata__ZZN10c_keyboard15on_char_clickedEiiEs 0x080047a4   Section       20  uicode.o(.constdata__ZZN10c_keyboard15on_char_clickedEiiEs)
    .constdata__ZZN15c_font_operator14get_string_posEPKvS1_6c_rectjRiS3_Es 0x080047b8   Section       20  uicode.o(.constdata__ZZN15c_font_operator14get_string_posEPKvS1_6c_rectjRiS3_Es)
    .constdata__ZZN17c_keyboard_button8on_paintEvEs 0x080047cc   Section       20  uicode.o(.constdata__ZZN17c_keyboard_button8on_paintEvEs)
    .constdata__ZZN17c_keyboard_button8on_paintEvEs_0 0x080047e0   Section        5  uicode.o(.constdata__ZZN17c_keyboard_button8on_paintEvEs_0)
    .constdata__ZZN17c_keyboard_button8on_paintEvEs_1 0x080047e5   Section        4  uicode.o(.constdata__ZZN17c_keyboard_button8on_paintEvEs_1)
    .constdata__ZZN17c_keyboard_button8on_paintEvEs_2 0x080047e9   Section        6  uicode.o(.constdata__ZZN17c_keyboard_button8on_paintEvEs_2)
    .constdata__ZZN17c_keyboard_button8on_paintEvEs_3 0x080047ef   Section        6  uicode.o(.constdata__ZZN17c_keyboard_button8on_paintEvEs_3)
    .constdata__ZZN17c_keyboard_button8on_paintEvEs_4 0x080047f5   Section        2  uicode.o(.constdata__ZZN17c_keyboard_button8on_paintEvEs_4)
    .constdata__ZZN17c_keyboard_button8on_paintEvEs_5 0x080047f7   Section        5  uicode.o(.constdata__ZZN17c_keyboard_button8on_paintEvEs_5)
    .constdata__ZZN17c_keyboard_button8on_paintEvEs_6 0x080047fc   Section        5  uicode.o(.constdata__ZZN17c_keyboard_button8on_paintEvEs_6)
    .constdata__ZZN17c_lattice_font_op12draw_latticeEP9c_surfaceiiiiiPKhjjEs 0x08004801   Section       20  uicode.o(.constdata__ZZN17c_lattice_font_op12draw_latticeEP9c_surfaceiiiiiPKhjjEs)
    .constdata__ZZN17c_lattice_font_op13get_utf8_codeEPKcRjEs 0x08004815   Section       20  uicode.o(.constdata__ZZN17c_lattice_font_op13get_utf8_codeEPKcRjEs)
    .constdata__ZZN6c_rect8set_rectEiiiiEs   0x08004829   Section       20  uicode.o(.constdata__ZZN6c_rect8set_rectEiiiiEs)
    .constdata__ZZN7c_theme9get_colorE10COLOR_LISTEs 0x0800483d   Section       20  uicode.o(.constdata__ZZN7c_theme9get_colorE10COLOR_LISTEs)
    .constdata__ZZN9c_surface10draw_pixelEiijjEs 0x08004851   Section       20  uicode.o(.constdata__ZZN9c_surface10draw_pixelEiijjEs)
    .constdata__ZZN9c_surface11set_surfaceE13Z_ORDER_LEVEL6c_rectEs 0x08004865   Section       20  uicode.o(.constdata__ZZN9c_surface11set_surfaceE13Z_ORDER_LEVEL6c_rectEs)
    .init_array                              0x0800489c   Section        4  uicode.o(.init_array)
    .init_array                              0x080048a0   Section        0  init_aeabi.o(.init_array)
    .data                                    0x20000000   Section     1236  uicode.o(.data)
    _ZGVdisplay                              0x20000004   Data           4  uicode.o(.data)
    _ZGVsurface                              0x20000008   Data           4  uicode.o(.data)
    _ZGVdisplay                              0x2000000c   Data           4  uicode.o(.data)
    _ZGVsurface_no_fb                        0x20000010   Data           4  uicode.o(.data)
    do_assert                                0x2000001c   Data           4  uicode.o(.data)
    do_log_out                               0x20000020   Data           4  uicode.o(.data)
    s_surface                                0x20000024   Data           4  uicode.o(.data)
    s_display                                0x20000028   Data           4  uicode.o(.data)
    <Data1>                                  0x2000002c   Data           8  uicode.o(.data)
    <Data2>                                  0x20000034   Data           8  uicode.o(.data)
    .data                                    0x200004d4   Section        8  main.o(.data)
    .data                                    0x200004dc   Section       12  stm32f1xx_hal.o(.data)
    .data                                    0x200004e8   Section        4  system_stm32f1xx.o(.data)
    .data__ZZN17c_lattice_font_op13get_utf8_codeEPKcRjE19s_utf8_length_table 0x200004ec   Section      256  uicode.o(.data__ZZN17c_lattice_font_op13get_utf8_codeEPKcRjE19s_utf8_length_table)
    .bss                                     0x200005ec   Section     1024  oled_1.o(.bss)
    .bss                                     0x200009f0   Section    33324  uicode.o(.bss)
    rotation                                 0x200009f0   Data          72  uicode.o(.bss)
    rotation                                 0x20000a38   Data          72  uicode.o(.bss)
    projection                               0x20000a80   Data          48  uicode.o(.bss)
    surface                                  0x20000ab0   Data          96  uicode.o(.bss)
    display                                  0x20000b10   Data          56  uicode.o(.bss)
    surface_no_fb                            0x20000b48   Data         100  uicode.o(.bss)
    display                                  0x20000bac   Data          56  uicode.o(.bss)
    s_key_0                                  0x20000be4   Data          80  uicode.o(.bss)
    s_key_1                                  0x20000c34   Data          80  uicode.o(.bss)
    s_key_2                                  0x20000c84   Data          80  uicode.o(.bss)
    s_key_3                                  0x20000cd4   Data          80  uicode.o(.bss)
    s_key_4                                  0x20000d24   Data          80  uicode.o(.bss)
    s_key_5                                  0x20000d74   Data          80  uicode.o(.bss)
    s_key_6                                  0x20000dc4   Data          80  uicode.o(.bss)
    s_key_7                                  0x20000e14   Data          80  uicode.o(.bss)
    s_key_8                                  0x20000e64   Data          80  uicode.o(.bss)
    s_key_9                                  0x20000eb4   Data          80  uicode.o(.bss)
    s_key_A                                  0x20000f04   Data          80  uicode.o(.bss)
    s_key_B                                  0x20000f54   Data          80  uicode.o(.bss)
    s_key_C                                  0x20000fa4   Data          80  uicode.o(.bss)
    s_key_D                                  0x20000ff4   Data          80  uicode.o(.bss)
    s_key_E                                  0x20001044   Data          80  uicode.o(.bss)
    s_key_F                                  0x20001094   Data          80  uicode.o(.bss)
    s_key_G                                  0x200010e4   Data          80  uicode.o(.bss)
    s_key_H                                  0x20001134   Data          80  uicode.o(.bss)
    s_key_I                                  0x20001184   Data          80  uicode.o(.bss)
    s_key_J                                  0x200011d4   Data          80  uicode.o(.bss)
    s_key_K                                  0x20001224   Data          80  uicode.o(.bss)
    s_key_L                                  0x20001274   Data          80  uicode.o(.bss)
    s_key_M                                  0x200012c4   Data          80  uicode.o(.bss)
    s_key_N                                  0x20001314   Data          80  uicode.o(.bss)
    s_key_O                                  0x20001364   Data          80  uicode.o(.bss)
    s_key_P                                  0x200013b4   Data          80  uicode.o(.bss)
    s_key_Q                                  0x20001404   Data          80  uicode.o(.bss)
    s_key_R                                  0x20001454   Data          80  uicode.o(.bss)
    s_key_S                                  0x200014a4   Data          80  uicode.o(.bss)
    s_key_T                                  0x200014f4   Data          80  uicode.o(.bss)
    s_key_U                                  0x20001544   Data          80  uicode.o(.bss)
    s_key_V                                  0x20001594   Data          80  uicode.o(.bss)
    s_key_W                                  0x200015e4   Data          80  uicode.o(.bss)
    s_key_X                                  0x20001634   Data          80  uicode.o(.bss)
    s_key_Y                                  0x20001684   Data          80  uicode.o(.bss)
    s_key_Z                                  0x200016d4   Data          80  uicode.o(.bss)
    s_key_dot                                0x20001724   Data          80  uicode.o(.bss)
    s_key_caps                               0x20001774   Data          80  uicode.o(.bss)
    s_key_space                              0x200017c4   Data          80  uicode.o(.bss)
    s_key_enter                              0x20001814   Data          80  uicode.o(.bss)
    s_key_del                                0x20001864   Data          80  uicode.o(.bss)
    s_key_esc                                0x200018b4   Data          80  uicode.o(.bss)
    s_key_num_switch                         0x20001904   Data          80  uicode.o(.bss)
    .bss                                     0x20008c1c   Section       84  i2c.o(.bss)
    .bss                                     0x20008c70   Section       96  libspace.o(.bss)
    HEAP                                     0x20008cd0   Section     2048  startup_stm32f103xe.o(HEAP)
    Heap_Mem                                 0x20008cd0   Data        2048  startup_stm32f103xe.o(HEAP)
    STACK                                    0x200094d0   Section     1024  startup_stm32f103xe.o(STACK)
    Stack_Mem                                0x200094d0   Data        1024  startup_stm32f103xe.o(STACK)
    __initial_sp                             0x200098d0   Data           0  startup_stm32f103xe.o(STACK)

    Global Symbols

    Symbol Name                              Value     Ov Type        Size  Object(Section)

    BuildAttributes$$THM_ISAv4$P$D$K$B$S$PE$A:L22UL41UL21$X:L11$S22US41US21$IEEE1$IW$USESV6$~STKCKD$USESV7$~SHL$OTIME$ROPI$IEEEX$EBA8$UX$STANDARDLIB$REQ8$PRES8$EABIv2 0x00000000   Number         0  anon$$obj.o ABSOLUTE
    __ARM_use_no_argv                        0x00000000   Number         0  main.o ABSOLUTE
    _printf_flags                            0x00000000   Number         0  printf_stubs.o ABSOLUTE
    _printf_return_value                     0x00000000   Number         0  printf_stubs.o ABSOLUTE
    _printf_sizespec                         0x00000000   Number         0  printf_stubs.o ABSOLUTE
    _printf_widthprec                        0x00000000   Number         0  printf_stubs.o ABSOLUTE
    SHT$$ARM_EXIDX$$Base                      - Undefined Reference
    SHT$$ARM_EXIDX$$Limit                     - Undefined Reference
    __ARM::default_unexpected_handler()       - Undefined Weak Reference
    __ARM_exceptions_buffer_required          - Undefined Weak Reference
    __ARM_exceptions_init                     - Undefined Weak Reference
    __aeabi_unwind_cpp_pr1                    - Undefined Weak Reference
    __aeabi_unwind_cpp_pr2                    - Undefined Weak Reference
    __alloca_initialize                       - Undefined Weak Reference
    __arm_preinit_                            - Undefined Weak Reference
    __cxa_begin_cleanup                       - Undefined Weak Reference
    __cxa_call_unexpected                     - Undefined Weak Reference
    __cxa_type_match                          - Undefined Weak Reference
    __sigvec_lookup                           - Undefined Weak Reference
    __user_heap_extent                        - Undefined Weak Reference
    _atexit_init                              - Undefined Weak Reference
    _call_atexit_fns                          - Undefined Weak Reference
    _clock_init                               - Undefined Weak Reference
    _fp_trap_init                             - Undefined Weak Reference
    _fp_trap_shutdown                         - Undefined Weak Reference
    _get_lc_collate                           - Undefined Weak Reference
    _get_lc_ctype                             - Undefined Weak Reference
    _get_lc_monetary                          - Undefined Weak Reference
    _get_lc_time                              - Undefined Weak Reference
    _getenv_init                              - Undefined Weak Reference
    _handle_redirection                       - Undefined Weak Reference
    _initio                                   - Undefined Weak Reference
    _mutex_acquire                            - Undefined Weak Reference
    _mutex_free                               - Undefined Weak Reference
    _mutex_release                            - Undefined Weak Reference
    _printf_post_padding                      - Undefined Weak Reference
    _printf_pre_padding                       - Undefined Weak Reference
    _printf_truncate_signed                   - Undefined Weak Reference
    _printf_truncate_unsigned                 - Undefined Weak Reference
    _rand_init                                - Undefined Weak Reference
    _signal_finish                            - Undefined Weak Reference
    _signal_init                              - Undefined Weak Reference
    _terminateio                              - Undefined Weak Reference
    __Vectors_Size                           0x00000130   Number         0  startup_stm32f103xe.o ABSOLUTE
    __Vectors                                0x08000000   Data           4  startup_stm32f103xe.o(RESET)
    __dso_handle                             0x08000000   Number         0  startup_stm32f103xe.o(RESET)
    __Vectors_End                            0x08000130   Data           0  startup_stm32f103xe.o(RESET)
    __main                                   0x08000131   Thumb Code     8  __main.o(!!!main)
    __scatterload                            0x08000139   Thumb Code     0  __scatter.o(!!!scatter)
    __scatterload_rt2                        0x08000139   Thumb Code    44  __scatter.o(!!!scatter)
    __scatterload_rt2_thumb_only             0x08000139   Thumb Code     0  __scatter.o(!!!scatter)
    __scatterload_null                       0x08000147   Thumb Code     0  __scatter.o(!!!scatter)
    __decompress                             0x0800016d   Thumb Code    90  __dczerorl2.o(!!dczerorl2)
    __decompress1                            0x0800016d   Thumb Code     0  __dczerorl2.o(!!dczerorl2)
    __scatterload_zeroinit                   0x080001c9   Thumb Code    28  __scatter_zi.o(!!handler_zi)
    __rt_lib_init                            0x080001e5   Thumb Code     0  libinit.o(.ARM.Collect$$libinit$$00000000)
    __rt_lib_init_fp_1                       0x080001e7   Thumb Code     0  libinit2.o(.ARM.Collect$$libinit$$00000002)
    __rt_lib_init_heap_2                     0x080001e7   Thumb Code     0  libinit2.o(.ARM.Collect$$libinit$$00000005)
    __rt_lib_init_preinit_1                  0x080001e7   Thumb Code     0  libinit2.o(.ARM.Collect$$libinit$$00000004)
    __rt_lib_init_alloca_1                   0x080001ef   Thumb Code     0  libinit2.o(.ARM.Collect$$libinit$$0000002E)
    __rt_lib_init_argv_1                     0x080001ef   Thumb Code     0  libinit2.o(.ARM.Collect$$libinit$$0000002C)
    __rt_lib_init_atexit_1                   0x080001ef   Thumb Code     0  libinit2.o(.ARM.Collect$$libinit$$0000001B)
    __rt_lib_init_clock_1                    0x080001ef   Thumb Code     0  libinit2.o(.ARM.Collect$$libinit$$00000021)
    __rt_lib_init_cpp_2                      0x080001ef   Thumb Code     0  libinit2.o(.ARM.Collect$$libinit$$00000031)
    __rt_lib_init_exceptions_1               0x080001ef   Thumb Code     0  libinit2.o(.ARM.Collect$$libinit$$00000030)
    __rt_lib_init_fp_trap_1                  0x080001ef   Thumb Code     0  libinit2.o(.ARM.Collect$$libinit$$0000001F)
    __rt_lib_init_getenv_1                   0x080001ef   Thumb Code     0  libinit2.o(.ARM.Collect$$libinit$$00000023)
    __rt_lib_init_heap_1                     0x080001ef   Thumb Code     0  libinit2.o(.ARM.Collect$$libinit$$0000000A)
    __rt_lib_init_lc_collate_1               0x080001ef   Thumb Code     0  libinit2.o(.ARM.Collect$$libinit$$00000011)
    __rt_lib_init_lc_ctype_1                 0x080001ef   Thumb Code     0  libinit2.o(.ARM.Collect$$libinit$$00000013)
    __rt_lib_init_lc_monetary_1              0x080001ef   Thumb Code     0  libinit2.o(.ARM.Collect$$libinit$$00000015)
    __rt_lib_init_lc_numeric_1               0x080001ef   Thumb Code     0  libinit2.o(.ARM.Collect$$libinit$$00000017)
    __rt_lib_init_lc_time_1                  0x080001ef   Thumb Code     0  libinit2.o(.ARM.Collect$$libinit$$00000019)
    __rt_lib_init_rand_1                     0x080001ef   Thumb Code     0  libinit2.o(.ARM.Collect$$libinit$$0000000E)
    __rt_lib_init_signal_1                   0x080001ef   Thumb Code     0  libinit2.o(.ARM.Collect$$libinit$$0000001D)
    __rt_lib_init_stdio_1                    0x080001ef   Thumb Code     0  libinit2.o(.ARM.Collect$$libinit$$00000025)
    __rt_lib_init_user_alloc_1               0x080001ef   Thumb Code     0  libinit2.o(.ARM.Collect$$libinit$$0000000C)
    __rt_lib_init_cpp_1                      0x080001f3   Thumb Code     0  libinit2.o(.ARM.Collect$$libinit$$00000032)
    __rt_lib_init_return                     0x080001f3   Thumb Code     0  libinit2.o(.ARM.Collect$$libinit$$00000033)
    __rt_lib_shutdown                        0x080001f5   Thumb Code     0  libshutdown.o(.ARM.Collect$$libshutdown$$00000000)
    __rt_lib_shutdown_cpp_1                  0x080001f7   Thumb Code     0  libshutdown2.o(.ARM.Collect$$libshutdown$$00000001)
    __rt_lib_shutdown_fp_trap_1              0x080001fd   Thumb Code     0  libshutdown2.o(.ARM.Collect$$libshutdown$$00000006)
    __rt_lib_shutdown_heap_1                 0x080001fd   Thumb Code     0  libshutdown2.o(.ARM.Collect$$libshutdown$$0000000E)
    __rt_lib_shutdown_return                 0x080001fd   Thumb Code     0  libshutdown2.o(.ARM.Collect$$libshutdown$$0000000F)
    __rt_lib_shutdown_signal_1               0x080001fd   Thumb Code     0  libshutdown2.o(.ARM.Collect$$libshutdown$$00000009)
    __rt_lib_shutdown_stdio_1                0x080001fd   Thumb Code     0  libshutdown2.o(.ARM.Collect$$libshutdown$$00000003)
    __rt_lib_shutdown_user_alloc_1           0x080001fd   Thumb Code     0  libshutdown2.o(.ARM.Collect$$libshutdown$$0000000B)
    __rt_entry                               0x080001ff   Thumb Code     0  __rtentry.o(.ARM.Collect$$rtentry$$00000000)
    __rt_entry_presh_1                       0x080001ff   Thumb Code     0  __rtentry2.o(.ARM.Collect$$rtentry$$00000002)
    __rt_entry_sh                            0x080001ff   Thumb Code     0  __rtentry4.o(.ARM.Collect$$rtentry$$00000004)
    __rt_entry_li                            0x08000205   Thumb Code     0  __rtentry2.o(.ARM.Collect$$rtentry$$0000000A)
    __rt_entry_postsh_1                      0x08000205   Thumb Code     0  __rtentry2.o(.ARM.Collect$$rtentry$$00000009)
    __rt_entry_main                          0x08000209   Thumb Code     0  __rtentry2.o(.ARM.Collect$$rtentry$$0000000D)
    __rt_entry_postli_1                      0x08000209   Thumb Code     0  __rtentry2.o(.ARM.Collect$$rtentry$$0000000C)
    __rt_exit                                0x08000211   Thumb Code     0  rtexit.o(.ARM.Collect$$rtexit$$00000000)
    __rt_exit_ls                             0x08000213   Thumb Code     0  rtexit2.o(.ARM.Collect$$rtexit$$00000003)
    __rt_exit_prels_1                        0x08000213   Thumb Code     0  rtexit2.o(.ARM.Collect$$rtexit$$00000002)
    __rt_exit_exit                           0x08000217   Thumb Code     0  rtexit2.o(.ARM.Collect$$rtexit$$00000004)
    Reset_Handler                            0x0800021d   Thumb Code     8  startup_stm32f103xe.o(.text)
    _maybe_terminate_alloc                   0x0800021d   Thumb Code     0  maybetermalloc1.o(.emb_text)
    ADC1_2_IRQHandler                        0x08000237   Thumb Code     0  startup_stm32f103xe.o(.text)
    ADC3_IRQHandler                          0x08000237   Thumb Code     0  startup_stm32f103xe.o(.text)
    CAN1_RX1_IRQHandler                      0x08000237   Thumb Code     0  startup_stm32f103xe.o(.text)
    CAN1_SCE_IRQHandler                      0x08000237   Thumb Code     0  startup_stm32f103xe.o(.text)
    DMA1_Channel1_IRQHandler                 0x08000237   Thumb Code     0  startup_stm32f103xe.o(.text)
    DMA1_Channel2_IRQHandler                 0x08000237   Thumb Code     0  startup_stm32f103xe.o(.text)
    DMA1_Channel3_IRQHandler                 0x08000237   Thumb Code     0  startup_stm32f103xe.o(.text)
    DMA1_Channel4_IRQHandler                 0x08000237   Thumb Code     0  startup_stm32f103xe.o(.text)
    DMA1_Channel5_IRQHandler                 0x08000237   Thumb Code     0  startup_stm32f103xe.o(.text)
    DMA1_Channel6_IRQHandler                 0x08000237   Thumb Code     0  startup_stm32f103xe.o(.text)
    DMA1_Channel7_IRQHandler                 0x08000237   Thumb Code     0  startup_stm32f103xe.o(.text)
    DMA2_Channel1_IRQHandler                 0x08000237   Thumb Code     0  startup_stm32f103xe.o(.text)
    DMA2_Channel2_IRQHandler                 0x08000237   Thumb Code     0  startup_stm32f103xe.o(.text)
    DMA2_Channel3_IRQHandler                 0x08000237   Thumb Code     0  startup_stm32f103xe.o(.text)
    DMA2_Channel4_5_IRQHandler               0x08000237   Thumb Code     0  startup_stm32f103xe.o(.text)
    EXTI0_IRQHandler                         0x08000237   Thumb Code     0  startup_stm32f103xe.o(.text)
    EXTI15_10_IRQHandler                     0x08000237   Thumb Code     0  startup_stm32f103xe.o(.text)
    EXTI1_IRQHandler                         0x08000237   Thumb Code     0  startup_stm32f103xe.o(.text)
    EXTI2_IRQHandler                         0x08000237   Thumb Code     0  startup_stm32f103xe.o(.text)
    EXTI3_IRQHandler                         0x08000237   Thumb Code     0  startup_stm32f103xe.o(.text)
    EXTI4_IRQHandler                         0x08000237   Thumb Code     0  startup_stm32f103xe.o(.text)
    EXTI9_5_IRQHandler                       0x08000237   Thumb Code     0  startup_stm32f103xe.o(.text)
    FLASH_IRQHandler                         0x08000237   Thumb Code     0  startup_stm32f103xe.o(.text)
    FSMC_IRQHandler                          0x08000237   Thumb Code     0  startup_stm32f103xe.o(.text)
    I2C1_ER_IRQHandler                       0x08000237   Thumb Code     0  startup_stm32f103xe.o(.text)
    I2C1_EV_IRQHandler                       0x08000237   Thumb Code     0  startup_stm32f103xe.o(.text)
    I2C2_ER_IRQHandler                       0x08000237   Thumb Code     0  startup_stm32f103xe.o(.text)
    I2C2_EV_IRQHandler                       0x08000237   Thumb Code     0  startup_stm32f103xe.o(.text)
    PVD_IRQHandler                           0x08000237   Thumb Code     0  startup_stm32f103xe.o(.text)
    RCC_IRQHandler                           0x08000237   Thumb Code     0  startup_stm32f103xe.o(.text)
    RTC_Alarm_IRQHandler                     0x08000237   Thumb Code     0  startup_stm32f103xe.o(.text)
    RTC_IRQHandler                           0x08000237   Thumb Code     0  startup_stm32f103xe.o(.text)
    SDIO_IRQHandler                          0x08000237   Thumb Code     0  startup_stm32f103xe.o(.text)
    SPI1_IRQHandler                          0x08000237   Thumb Code     0  startup_stm32f103xe.o(.text)
    SPI2_IRQHandler                          0x08000237   Thumb Code     0  startup_stm32f103xe.o(.text)
    SPI3_IRQHandler                          0x08000237   Thumb Code     0  startup_stm32f103xe.o(.text)
    TAMPER_IRQHandler                        0x08000237   Thumb Code     0  startup_stm32f103xe.o(.text)
    TIM1_BRK_IRQHandler                      0x08000237   Thumb Code     0  startup_stm32f103xe.o(.text)
    TIM1_CC_IRQHandler                       0x08000237   Thumb Code     0  startup_stm32f103xe.o(.text)
    TIM1_TRG_COM_IRQHandler                  0x08000237   Thumb Code     0  startup_stm32f103xe.o(.text)
    TIM1_UP_IRQHandler                       0x08000237   Thumb Code     0  startup_stm32f103xe.o(.text)
    TIM2_IRQHandler                          0x08000237   Thumb Code     0  startup_stm32f103xe.o(.text)
    TIM3_IRQHandler                          0x08000237   Thumb Code     0  startup_stm32f103xe.o(.text)
    TIM4_IRQHandler                          0x08000237   Thumb Code     0  startup_stm32f103xe.o(.text)
    TIM5_IRQHandler                          0x08000237   Thumb Code     0  startup_stm32f103xe.o(.text)
    TIM6_IRQHandler                          0x08000237   Thumb Code     0  startup_stm32f103xe.o(.text)
    TIM7_IRQHandler                          0x08000237   Thumb Code     0  startup_stm32f103xe.o(.text)
    TIM8_BRK_IRQHandler                      0x08000237   Thumb Code     0  startup_stm32f103xe.o(.text)
    TIM8_CC_IRQHandler                       0x08000237   Thumb Code     0  startup_stm32f103xe.o(.text)
    TIM8_TRG_COM_IRQHandler                  0x08000237   Thumb Code     0  startup_stm32f103xe.o(.text)
    TIM8_UP_IRQHandler                       0x08000237   Thumb Code     0  startup_stm32f103xe.o(.text)
    UART4_IRQHandler                         0x08000237   Thumb Code     0  startup_stm32f103xe.o(.text)
    UART5_IRQHandler                         0x08000237   Thumb Code     0  startup_stm32f103xe.o(.text)
    USART1_IRQHandler                        0x08000237   Thumb Code     0  startup_stm32f103xe.o(.text)
    USART2_IRQHandler                        0x08000237   Thumb Code     0  startup_stm32f103xe.o(.text)
    USART3_IRQHandler                        0x08000237   Thumb Code     0  startup_stm32f103xe.o(.text)
    USBWakeUp_IRQHandler                     0x08000237   Thumb Code     0  startup_stm32f103xe.o(.text)
    USB_HP_CAN1_TX_IRQHandler                0x08000237   Thumb Code     0  startup_stm32f103xe.o(.text)
    USB_LP_CAN1_RX0_IRQHandler               0x08000237   Thumb Code     0  startup_stm32f103xe.o(.text)
    WWDG_IRQHandler                          0x08000237   Thumb Code     0  startup_stm32f103xe.o(.text)
    __user_initial_stackheap                 0x08000239   Thumb Code     0  startup_stm32f103xe.o(.text)
    calloc                                   0x0800025d   Thumb Code    40  calloc.o(.text)
    __aeabi_memclr                           0x08000285   Thumb Code     0  rt_memclr.o(.text)
    __rt_memclr                              0x08000285   Thumb Code    68  rt_memclr.o(.text)
    _memset                                  0x08000289   Thumb Code     0  rt_memclr.o(.text)
    __aeabi_memclr4                          0x080002c9   Thumb Code     0  rt_memclr_w.o(.text)
    __aeabi_memclr8                          0x080002c9   Thumb Code     0  rt_memclr_w.o(.text)
    __rt_memclr_w                            0x080002c9   Thumb Code    78  rt_memclr_w.o(.text)
    _memset_w                                0x080002cd   Thumb Code     0  rt_memclr_w.o(.text)
    __use_two_region_memory                  0x08000317   Thumb Code     2  heapauxi.o(.text)
    __rt_heap_escrow                         0x08000319   Thumb Code     2  heapauxi.o(.text)
    __rt_heap_expand                         0x0800031b   Thumb Code     2  heapauxi.o(.text)
    __cpp_initialize__aeabi_                 0x0800031d   Thumb Code    26  init_aeabi.o(.text)
    __rt_ddtor_pointer_addr                  0x08000341   Thumb Code     8  rt_ddtor_pointer_addr_intlibspace.o(.text)
    malloc                                   0x08000349   Thumb Code    94  h1_alloc.o(.text)
    free                                     0x080003a7   Thumb Code    78  h1_free.o(.text)
    __read_errno                             0x080003f5   Thumb Code    10  _rserrno.o(.text)
    __set_errno                              0x080003ff   Thumb Code    12  _rserrno.o(.text)
    __user_libspace                          0x0800040d   Thumb Code     8  libspace.o(.text)
    __user_perproc_libspace                  0x0800040d   Thumb Code     0  libspace.o(.text)
    __user_perthread_libspace                0x0800040d   Thumb Code     0  libspace.o(.text)
    __rt_heap_descriptor                     0x08000415   Thumb Code     8  rt_heap_descriptor_intlibspace.o(.text)
    __aeabi_errno_addr                       0x0800041d   Thumb Code     8  rt_errno_addr_intlibspace.o(.text)
    __errno$intlibspace                      0x0800041d   Thumb Code     0  rt_errno_addr_intlibspace.o(.text)
    __rt_errno_addr$intlibspace              0x0800041d   Thumb Code     0  rt_errno_addr_intlibspace.o(.text)
    __use_no_heap                            0x08000425   Thumb Code     2  hguard.o(.text)
    __heap$guard                             0x08000427   Thumb Code     2  hguard.o(.text)
    _terminate_user_alloc                    0x08000429   Thumb Code     2  init_alloc.o(.text)
    _init_user_alloc                         0x0800042b   Thumb Code     2  init_alloc.o(.text)
    __Heap_Full                              0x0800042d   Thumb Code    34  init_alloc.o(.text)
    __Heap_Broken                            0x0800044f   Thumb Code     6  init_alloc.o(.text)
    _init_alloc                              0x08000455   Thumb Code    94  init_alloc.o(.text)
    __Heap_Initialize                        0x080004b3   Thumb Code    10  h1_init.o(.text)
    __Heap_DescSize                          0x080004bd   Thumb Code     4  h1_init.o(.text)
    __user_setup_stackheap                   0x080004c1   Thumb Code    74  sys_stackheap_outer.o(.text)
    __Heap_ProvideMemory                     0x0800050b   Thumb Code    52  h1_extend.o(.text)
    exit                                     0x0800053f   Thumb Code    12  exit.o(.text)
    __rt_SIGRTMEM                            0x0800054b   Thumb Code    14  defsig_rtmem_outer.o(.text)
    _sys_exit                                0x08000559   Thumb Code     8  sys_exit.o(.text)
    __I$use$semihosting                      0x08000565   Thumb Code     0  use_no_semi.o(.text)
    __use_no_semihosting_swi                 0x08000565   Thumb Code     2  use_no_semi.o(.text)
    __semihosting_library_function           0x08000567   Thumb Code     0  indicate_semi.o(.text)
    __sig_exit                               0x08000567   Thumb Code    10  defsig_exit.o(.text)
    __rt_SIGRTMEM_inner                      0x08000571   Thumb Code    22  defsig_rtmem_inner.o(.text)
    __default_signal_display                 0x080005c1   Thumb Code    50  defsig_general.o(.text)
    _ttywrch                                 0x080005f3   Thumb Code    14  sys_wrch.o(.text)
    BusFault_Handler                         0x08000601   Thumb Code     2  stm32f1xx_it.o(i.BusFault_Handler)
    DebugMon_Handler                         0x08000603   Thumb Code     2  stm32f1xx_it.o(i.DebugMon_Handler)
    Error_Handler                            0x08000605   Thumb Code     2  main.o(i.Error_Handler)
    HAL_Delay                                0x08000609   Thumb Code    32  stm32f1xx_hal.o(i.HAL_Delay)
    HAL_GPIO_Init                            0x0800062d   Thumb Code   462  stm32f1xx_hal_gpio.o(i.HAL_GPIO_Init)
    HAL_GetTick                              0x08000825   Thumb Code     6  stm32f1xx_hal.o(i.HAL_GetTick)
    HAL_I2C_Init                             0x08000831   Thumb Code   376  stm32f1xx_hal_i2c_1.o(i.HAL_I2C_Init)
    HAL_I2C_Mem_Write                        0x080009b9   Thumb Code   294  stm32f1xx_hal_i2c_1.o(i.HAL_I2C_Mem_Write)
    HAL_I2C_MspInit                          0x08000ae9   Thumb Code    80  i2c.o(i.HAL_I2C_MspInit)
    HAL_IncTick                              0x08000b45   Thumb Code    12  stm32f1xx_hal.o(i.HAL_IncTick)
    HAL_Init                                 0x08000b55   Thumb Code    32  stm32f1xx_hal.o(i.HAL_Init)
    HAL_InitTick                             0x08000b79   Thumb Code    54  stm32f1xx_hal.o(i.HAL_InitTick)
    HAL_MspInit                              0x08000bb9   Thumb Code    52  stm32f1xx_hal_msp.o(i.HAL_MspInit)
    HAL_NVIC_SetPriority                     0x08000bf5   Thumb Code    60  stm32f1xx_hal_cortex.o(i.HAL_NVIC_SetPriority)
    HAL_NVIC_SetPriorityGrouping             0x08000c35   Thumb Code    26  stm32f1xx_hal_cortex.o(i.HAL_NVIC_SetPriorityGrouping)
    HAL_RCC_ClockConfig                      0x08000c59   Thumb Code   280  stm32f1xx_hal_rcc.o(i.HAL_RCC_ClockConfig)
    HAL_RCC_GetPCLK1Freq                     0x08000d85   Thumb Code    20  stm32f1xx_hal_rcc.o(i.HAL_RCC_GetPCLK1Freq)
    HAL_RCC_GetSysClockFreq                  0x08000da5   Thumb Code    80  stm32f1xx_hal_rcc.o(i.HAL_RCC_GetSysClockFreq)
    HAL_RCC_OscConfig                        0x08000e19   Thumb Code   778  stm32f1xx_hal_rcc.o(i.HAL_RCC_OscConfig)
    HAL_SYSTICK_Config                       0x08001139   Thumb Code    40  stm32f1xx_hal_cortex.o(i.HAL_SYSTICK_Config)
    HardFault_Handler                        0x08001161   Thumb Code     2  stm32f1xx_it.o(i.HardFault_Handler)
    MX_GPIO_Init                             0x080013d1   Thumb Code    54  gpio.o(i.MX_GPIO_Init)
    MX_I2C1_Init                             0x0800140d   Thumb Code    50  i2c.o(i.MX_I2C1_Init)
    MemManage_Handler                        0x0800144d   Thumb Code     2  stm32f1xx_it.o(i.MemManage_Handler)
    NMI_Handler                              0x0800144f   Thumb Code     2  stm32f1xx_it.o(i.NMI_Handler)
    OLED_Clear                               0x08001451   Thumb Code    40  oled_1.o(i.OLED_Clear)
    OLED_DrawPoint                           0x0800147d   Thumb Code    54  oled_1.o(i.OLED_DrawPoint)
    OLED_Init                                0x080014b9   Thumb Code   210  oled_1.o(i.OLED_Init)
    OLED_Refresh_Gram                        0x0800158d   Thumb Code    70  oled_1.o(i.OLED_Refresh_Gram)
    OLED_WR_Byte                             0x080015d9   Thumb Code    10  oled_1.o(i.OLED_WR_Byte)
    PendSV_Handler                           0x080015e3   Thumb Code     2  stm32f1xx_it.o(i.PendSV_Handler)
    SVC_Handler                              0x080015e5   Thumb Code     2  stm32f1xx_it.o(i.SVC_Handler)
    SysTick_Handler                          0x080015e7   Thumb Code     4  stm32f1xx_it.o(i.SysTick_Handler)
    SystemClock_Config                       0x080015eb   Thumb Code    76  main.o(i.SystemClock_Config)
    SystemInit                               0x08001637   Thumb Code     2  system_stm32f1xx.o(i.SystemInit)
    UsageFault_Handler                       0x08001639   Thumb Code     2  stm32f1xx_it.o(i.UsageFault_Handler)
    WriteCmd                                 0x0800163d   Thumb Code    30  oled_1.o(i.WriteCmd)
    WriteDat                                 0x08001661   Thumb Code    30  oled_1.o(i.WriteDat)
    drawCircle(int, int, int, unsigned, int, double*) 0x08001685   Thumb Code   656  uicode.o(i._Z10drawCircleiiijiPd)
    projectOnXY(double*, double*, double)    0x08001929   Thumb Code    30  uicode.o(i._Z11projectOnXYPdS_d)
    thread_sleep(unsigned)                   0x0800194d   Thumb Code     6  uicode.o(i._Z12thread_sleepj)
    _assert(const char*, int)                0x08001955   Thumb Code    10  uicode.o(i._Z7_assertPKci)
    rotateX(double, double*, double*)        0x08001965   Thumb Code    94  uicode.o(i._Z7rotateXdPdS_)
    rotateY(double, double*, double*)        0x080019cd   Thumb Code    90  uicode.o(i._Z7rotateYdPdS_)
    multiply(int, int, int, double*, double*, double*) 0x08001a31   Thumb Code   108  uicode.o(i._Z8multiplyiiiPdS_S_)
    create_ui(void*, int, int, int, EXTERNAL_GFX_OP*) 0x08001a9d   Thumb Code   614  uicode.o(i._Z9create_uiPviiiP15EXTERNAL_GFX_OP)
    c_keyboard::on_key_clicked(int, int)     0x08001d51   Thumb Code   266  uicode.o(i._ZN10c_keyboard14on_key_clickedEii)
    c_keyboard::on_paint()                   0x08001e61   Thumb Code    52  uicode.o(i._ZN10c_keyboard8on_paintEv)
    c_keyboard::~c_keyboard()                0x08001e95   Thumb Code     2  uicode.o(i._ZN10c_keyboardD1Ev)
    c_keyboard::~c_keyboard__sub_object()    0x08001e95   Thumb Code     0  uicode.o(i._ZN10c_keyboardD1Ev)
    c_font_operator::get_string_pos(const void*, const void*, c_rect, unsigned, int&, int&) 0x08001e99   Thumb Code   162  uicode.o(i._ZN15c_font_operator14get_string_posEPKvS1_6c_rectjRiS3_)
    c_surface_no_fb::fill_rect_on_fb(int, int, int, int, unsigned) 0x08001f41   Thumb Code   210  uicode.o(i._ZN15c_surface_no_fb15fill_rect_on_fbEiiiij)
    c_surface_no_fb::draw_pixel_on_fb(int, int, unsigned) 0x08002013   Thumb Code   100  uicode.o(i._ZN15c_surface_no_fb16draw_pixel_on_fbEiij)
    c_keyboard_button::on_paint()            0x08002079   Thumb Code   494  uicode.o(i._ZN17c_keyboard_button8on_paintEv)
    c_keyboard_button::c_keyboard_button()   0x08002289   Thumb Code    12  uicode.o(i._ZN17c_keyboard_buttonC1Ev)
    c_keyboard_button::c_keyboard_button__sub_object() 0x08002289   Thumb Code     0  uicode.o(i._ZN17c_keyboard_buttonC1Ev)
    c_keyboard_button::~c_keyboard_button()  0x08002299   Thumb Code     2  uicode.o(i._ZN17c_keyboard_buttonD1Ev)
    c_keyboard_button::~c_keyboard_button__sub_object() 0x08002299   Thumb Code     0  uicode.o(i._ZN17c_keyboard_buttonD1Ev)
    c_lattice_font_op::draw_string(c_surface*, int, const void*, int, int, const void*, unsigned, unsigned) 0x0800229b   Thumb Code    80  uicode.o(i._ZN17c_lattice_font_op11draw_stringEP9c_surfaceiPKviiS3_jj)
    c_lattice_font_op::get_lattice(const struct_lattice_font_info*, unsigned) 0x080022eb   Thumb Code    70  uicode.o(i._ZN17c_lattice_font_op11get_latticeEPK24struct_lattice_font_infoj)
    c_lattice_font_op::draw_lattice(c_surface*, int, int, int, int, int, const unsigned char*, unsigned, unsigned) 0x08002331   Thumb Code   278  uicode.o(i._ZN17c_lattice_font_op12draw_latticeEP9c_surfaceiiiiiPKhjj)
    c_lattice_font_op::get_str_size(const void*, const void*, int&, int&) 0x0800244d   Thumb Code    86  uicode.o(i._ZN17c_lattice_font_op12get_str_sizeEPKvS1_RiS2_)
    c_lattice_font_op::get_utf8_code(const char*, unsigned&) 0x080024a5   Thumb Code    74  uicode.o(i._ZN17c_lattice_font_op13get_utf8_codeEPKcRj)
    c_lattice_font_op::draw_single_char(c_surface*, int, unsigned, int, int, const struct_lattice_font_info*, unsigned, unsigned) 0x080024f9   Thumb Code   188  uicode.o(i._ZN17c_lattice_font_op16draw_single_charEP9c_surfaceijiiPK24struct_lattice_font_infojj)
    c_lattice_font_op::draw_string_in_rect(c_surface*, int, const void*, c_rect, const void*, unsigned, unsigned, unsigned) 0x080025b9   Thumb Code   104  uicode.o(i._ZN17c_lattice_font_op19draw_string_in_rectEP9c_surfaceiPKv6c_rectS3_jjj)
    c_wnd::show_window()                     0x08002621   Thumb Code    38  uicode.o(i._ZN5c_wnd11show_windowEv)
    c_wnd::on_paint()                        0x08002647   Thumb Code     2  uicode.o(i._ZN5c_wnd8on_paintEv)
    c_wnd::c_wnd()                           0x08002649   Thumb Code    52  uicode.o(i._ZN5c_wndC1Ev)
    c_wnd::c_wnd__sub_object()               0x08002649   Thumb Code     0  uicode.o(i._ZN5c_wndC1Ev)
    Circle::updateRadius(int)                0x08002681   Thumb Code   134  uicode.o(i._ZN6Circle12updateRadiusEi)
    Circle::draw(int, int, bool)             0x08002709   Thumb Code   126  uicode.o(i._ZN6Circle4drawEiib)
    Circle::rotate(double)                   0x0800278d   Thumb Code   114  uicode.o(i._ZN6Circle6rotateEd)
    Circle::Circle(int, int, int, unsigned, int, bool) 0x08002805   Thumb Code    72  uicode.o(i._ZN6CircleC1Eiiijib)
    Circle::Circle__sub_object(int, int, int, unsigned, int, bool) 0x08002805   Thumb Code     0  uicode.o(i._ZN6CircleC1Eiiijib)
    c_rect::set_rect(int, int, int, int)     0x0800284d   Thumb Code    38  uicode.o(i._ZN6c_rect8set_rectEiiii)
    c_rect::c_rect()                         0x08002879   Thumb Code    14  uicode.o(i._ZN6c_rectC1Ev)
    c_rect::c_rect__sub_object()             0x08002879   Thumb Code     0  uicode.o(i._ZN6c_rectC1Ev)
    c_word::draw_string_in_rect(c_surface*, int, const void*, c_rect, const void*, unsigned, unsigned, unsigned) 0x08002889   Thumb Code    60  uicode.o(i._ZN6c_word19draw_string_in_rectEP9c_surfaceiPKv6c_rectS3_jjj)
    c_layer::c_layer()                       0x080028c9   Thumb Code    16  uicode.o(i._ZN7c_layerC1Ev)
    c_layer::c_layer__sub_object()           0x080028c9   Thumb Code     0  uicode.o(i._ZN7c_layerC1Ev)
    c_theme::get_color(COLOR_LIST)           0x080028d9   Thumb Code    22  uicode.o(i._ZN7c_theme9get_colorE10COLOR_LIST)
    c_display::c_display(void*, int, int, c_surface*) 0x080028f9   Thumb Code    46  uicode.o(i._ZN9c_displayC1EPviiP9c_surface)
    c_display::c_display__sub_object(void*, int, int, c_surface*) 0x080028f9   Thumb Code     0  uicode.o(i._ZN9c_displayC1EPviiP9c_surface)
    c_surface::draw_hline(int, int, int, unsigned, unsigned) 0x08002927   Thumb Code    46  uicode.o(i._ZN9c_surface10draw_hlineEiiijj)
    c_surface::draw_pixel(int, int, unsigned, unsigned) 0x08002955   Thumb Code   236  uicode.o(i._ZN9c_surface10draw_pixelEiijj)
    c_surface::draw_vline(int, int, int, unsigned, unsigned) 0x08002a45   Thumb Code    46  uicode.o(i._ZN9c_surface10draw_vlineEiiijj)
    c_surface::set_surface(Z_ORDER_LEVEL, c_rect) 0x08002a75   Thumb Code   112  uicode.o(i._ZN9c_surface11set_surfaceE13Z_ORDER_LEVEL6c_rect)
    c_surface::fill_rect_on_fb(int, int, int, int, unsigned) 0x08002ae9   Thumb Code   214  uicode.o(i._ZN9c_surface15fill_rect_on_fbEiiiij)
    c_surface::draw_pixel_on_fb(int, int, unsigned) 0x08002bbf   Thumb Code   106  uicode.o(i._ZN9c_surface16draw_pixel_on_fbEiij)
    c_surface::draw_rect(c_rect, unsigned, unsigned, unsigned) 0x08002c29   Thumb Code   122  uicode.o(i._ZN9c_surface9draw_rectE6c_rectjjj)
    c_surface::fill_rect(c_rect, unsigned, unsigned) 0x08002ca3   Thumb Code    20  uicode.o(i._ZN9c_surface9fill_rectE6c_rectjj)
    c_surface::fill_rect(int, int, int, int, unsigned, unsigned) 0x08002cb7   Thumb Code   260  uicode.o(i._ZN9c_surface9fill_rectEiiiijj)
    c_surface::c_surface(unsigned, unsigned, unsigned, Z_ORDER_LEVEL, c_rect) 0x08002dbd   Thumb Code   148  uicode.o(i._ZN9c_surfaceC1Ejjj13Z_ORDER_LEVEL6c_rect)
    c_surface::c_surface__sub_object(unsigned, unsigned, unsigned, Z_ORDER_LEVEL, c_rect) 0x08002dbd   Thumb Code     0  uicode.o(i._ZN9c_surfaceC1Ejjj13Z_ORDER_LEVEL6c_rect)
    c_wnd::get_wnd_rect(c_rect&) const       0x08002e59   Thumb Code    12  uicode.o(i._ZNK5c_wnd12get_wnd_rectER6c_rect)
    c_wnd::get_screen_rect(c_rect&) const    0x08002e65   Thumb Code    76  uicode.o(i._ZNK5c_wnd15get_screen_rectER6c_rect)
    c_rect::pt_in_rect(int, int) const       0x08002eb1   Thumb Code    32  uicode.o(i._ZNK6c_rect10pt_in_rectEii)
    __ARM_fpclassify                         0x08002ed1   Thumb Code    40  fpclassify.o(i.__ARM_fpclassify)
    __aeabi_atexit                           0x08002f19   Thumb Code    50  aeabi_atexit.o(i.__aeabi_atexit)
    __aeabi_vec_ctor_nocookie_nodtor         0x08002f4b   Thumb Code    36  aeabi_vec_ctor_nocookie_nodtor.o(i.__aeabi_vec_ctor_nocookie_nodtor)
    __cxa_finalize                           0x08002f6f   Thumb Code    66  cxa_finalize.o(i.__cxa_finalize)
    __cxa_guard_acquire                      0x08002fb1   Thumb Code    16  cxa_guard_acquire.o(i.__cxa_guard_acquire)
    __ieee754_rem_pio2                       0x08002fc1   Thumb Code   828  rred.o(i.__ieee754_rem_pio2)
    __kernel_cos                             0x08003349   Thumb Code   230  cos_i.o(i.__kernel_cos)
    __kernel_poly                            0x08003445   Thumb Code   170  poly.o(i.__kernel_poly)
    __kernel_sin                             0x080034f1   Thumb Code   224  sin_i.o(i.__kernel_sin)
    __mathlib_dbl_infnan                     0x080035dd   Thumb Code     6  dunder.o(i.__mathlib_dbl_infnan)
    __mathlib_dbl_invalid                    0x080035e3   Thumb Code    12  dunder.o(i.__mathlib_dbl_invalid)
    __mathlib_dbl_underflow                  0x080035f1   Thumb Code    10  dunder.o(i.__mathlib_dbl_underflow)
    cos                                      0x08003945   Thumb Code   148  cos.o(i.cos)
    delay_ms                                 0x080039e1   Thumb Code     4  main.o(i.delay_ms)
    gfx_draw_pixel                           0x080039e5   Thumb Code    10  main.o(i.gfx_draw_pixel)
    main                                     0x080039f1   Thumb Code    48  main.o(i.main)
    sin                                      0x08003a29   Thumb Code   150  sin.o(i.sin)
    startHelloCircle                         0x08003ac9   Thumb Code    10  uicode.o(i.startHelloCircle)
    __aeabi_dadd                             0x08003ad5   Thumb Code     0  daddsub_clz.o(x$fpl$dadd)
    _dadd                                    0x08003ad5   Thumb Code   332  daddsub_clz.o(x$fpl$dadd)
    __fpl_dcheck_NaN1                        0x08003c25   Thumb Code    10  dcheck1.o(x$fpl$dcheck1)
    __fpl_dcmp_Inf                           0x08003c35   Thumb Code    24  dcmpi.o(x$fpl$dcmpinf)
    __aeabi_ddiv                             0x08003c4d   Thumb Code     0  ddiv.o(x$fpl$ddiv)
    _ddiv                                    0x08003c4d   Thumb Code   552  ddiv.o(x$fpl$ddiv)
    __aeabi_d2iz                             0x08003efd   Thumb Code     0  dfix.o(x$fpl$dfix)
    _dfix                                    0x08003efd   Thumb Code    94  dfix.o(x$fpl$dfix)
    __aeabi_i2d                              0x08003f5b   Thumb Code     0  dflt_clz.o(x$fpl$dflt)
    _dflt                                    0x08003f5b   Thumb Code    46  dflt_clz.o(x$fpl$dflt)
    __aeabi_ui2d                             0x08003f89   Thumb Code     0  dflt_clz.o(x$fpl$dfltu)
    _dfltu                                   0x08003f89   Thumb Code    38  dflt_clz.o(x$fpl$dfltu)
    __aeabi_cdcmple                          0x08003fb1   Thumb Code     0  dleqf.o(x$fpl$dleqf)
    _dcmple                                  0x08003fb1   Thumb Code   120  dleqf.o(x$fpl$dleqf)
    __fpl_dcmple_InfNaN                      0x08004013   Thumb Code     0  dleqf.o(x$fpl$dleqf)
    __aeabi_dmul                             0x08004029   Thumb Code     0  dmul.o(x$fpl$dmul)
    _dmul                                    0x08004029   Thumb Code   332  dmul.o(x$fpl$dmul)
    __fpl_dnaninf                            0x0800417d   Thumb Code   156  dnaninf.o(x$fpl$dnaninf)
    __fpl_dretinf                            0x08004219   Thumb Code    12  dretinf.o(x$fpl$dretinf)
    __aeabi_cdrcmple                         0x08004225   Thumb Code     0  drleqf.o(x$fpl$drleqf)
    _drcmple                                 0x08004225   Thumb Code   108  drleqf.o(x$fpl$drleqf)
    __aeabi_drsub                            0x08004291   Thumb Code     0  daddsub_clz.o(x$fpl$drsb)
    _drsb                                    0x08004291   Thumb Code    22  daddsub_clz.o(x$fpl$drsb)
    __aeabi_dsub                             0x080042a9   Thumb Code     0  daddsub_clz.o(x$fpl$dsub)
    _dsub                                    0x080042a9   Thumb Code   464  daddsub_clz.o(x$fpl$dsub)
    __fpl_return_NaN                         0x0800447d   Thumb Code   100  retnan.o(x$fpl$retnan)
    __ARM_scalbn                             0x080044e1   Thumb Code    92  scalbn.o(x$fpl$scalbn)
    __fpl_cmpreturn                          0x0800453d   Thumb Code    48  trapv.o(x$fpl$trapveneer)
    AHBPrescTable                            0x0800456c   Data          16  system_stm32f1xx.o(.constdata)
    __I$use$fp                               0x0800456c   Number         0  usenofp.o(x$fpl$usenofp)
    APBPrescTable                            0x0800457c   Data           8  system_stm32f1xx.o(.constdata)
    vtable for c_keyboard                    0x080046a8   Data          56  uicode.o(.constdata__ZTV10c_keyboard)
    vtable for c_surface_no_fb               0x080046e0   Data          24  uicode.o(.constdata__ZTV15c_surface_no_fb)
    vtable for c_bitmap_operator             0x080046f8   Data          16  uicode.o(.constdata__ZTV17c_bitmap_operator)
    vtable for c_keyboard_button             0x08004708   Data          52  uicode.o(.constdata__ZTV17c_keyboard_button)
    vtable for c_lattice_font_op             0x0800473c   Data          28  uicode.o(.constdata__ZTV17c_lattice_font_op)
    vtable for c_wnd                         0x08004758   Data          52  uicode.o(.constdata__ZTV5c_wnd)
    vtable for c_surface                     0x0800478c   Data          24  uicode.o(.constdata__ZTV9c_surface)
    c_keyboard::on_char_clicked(int, int)::string 0x080047a4   Data          20  uicode.o(.constdata__ZZN10c_keyboard15on_char_clickedEiiEs)
    c_font_operator::get_string_pos(const void*, const void*, c_rect, unsigned, int&, int&)::string 0x080047b8   Data          20  uicode.o(.constdata__ZZN15c_font_operator14get_string_posEPKvS1_6c_rectjRiS3_Es)
    c_keyboard_button::on_paint()::string    0x080047cc   Data          20  uicode.o(.constdata__ZZN17c_keyboard_button8on_paintEvEs)
    c_keyboard_button::on_paint()::string (instance 2) 0x080047e0   Data           5  uicode.o(.constdata__ZZN17c_keyboard_button8on_paintEvEs_0)
    c_keyboard_button::on_paint()::string (instance 3) 0x080047e5   Data           4  uicode.o(.constdata__ZZN17c_keyboard_button8on_paintEvEs_1)
    c_keyboard_button::on_paint()::string (instance 4) 0x080047e9   Data           6  uicode.o(.constdata__ZZN17c_keyboard_button8on_paintEvEs_2)
    c_keyboard_button::on_paint()::string (instance 5) 0x080047ef   Data           6  uicode.o(.constdata__ZZN17c_keyboard_button8on_paintEvEs_3)
    c_keyboard_button::on_paint()::string (instance 6) 0x080047f5   Data           2  uicode.o(.constdata__ZZN17c_keyboard_button8on_paintEvEs_4)
    c_keyboard_button::on_paint()::string (instance 7) 0x080047f7   Data           5  uicode.o(.constdata__ZZN17c_keyboard_button8on_paintEvEs_5)
    c_keyboard_button::on_paint()::string (instance 8) 0x080047fc   Data           5  uicode.o(.constdata__ZZN17c_keyboard_button8on_paintEvEs_6)
    c_lattice_font_op::draw_lattice(c_surface*, int, int, int, int, int, const unsigned char*, unsigned, unsigned)::string 0x08004801   Data          20  uicode.o(.constdata__ZZN17c_lattice_font_op12draw_latticeEP9c_surfaceiiiiiPKhjjEs)
    c_lattice_font_op::get_utf8_code(const char*, unsigned&)::string 0x08004815   Data          20  uicode.o(.constdata__ZZN17c_lattice_font_op13get_utf8_codeEPKcRjEs)
    c_rect::set_rect(int, int, int, int)::string 0x08004829   Data          20  uicode.o(.constdata__ZZN6c_rect8set_rectEiiiiEs)
    c_theme::get_color(COLOR_LIST)::string   0x0800483d   Data          20  uicode.o(.constdata__ZZN7c_theme9get_colorE10COLOR_LISTEs)
    c_surface::draw_pixel(int, int, unsigned, unsigned)::string 0x08004851   Data          20  uicode.o(.constdata__ZZN9c_surface10draw_pixelEiijjEs)
    c_surface::set_surface(Z_ORDER_LEVEL, c_rect)::string 0x08004865   Data          20  uicode.o(.constdata__ZZN9c_surface11set_surfaceE13Z_ORDER_LEVEL6c_rectEs)
    Region$$Table$$Base                      0x0800487c   Number         0  anon$$obj.o(Region$$Table)
    Region$$Table$$Limit                     0x0800489c   Number         0  anon$$obj.o(Region$$Table)
    SHT$$INIT_ARRAY$$Base                    0x0800489c   Number         0  uicode.o(.init_array)
    SHT$$INIT_ARRAY$$Limit                   0x080048a0   Number         0  init_aeabi.o(.init_array)
    c_word::fontOperator                     0x20000000   Data           4  uicode.o(.data)
    the_bitmap_op                            0x20000014   Data           4  uicode.o(.data)
    the_lattice_font_op                      0x20000018   Data           4  uicode.o(.data)
    g_key_board_children                     0x2000003c   Data         816  uicode.o(.data)
    g_number_board_children                  0x2000036c   Data         360  uicode.o(.data)
    my_gfx_op                                0x200004d4   Data           8  main.o(.data)
    uwTickFreq                               0x200004dc   Data           1  stm32f1xx_hal.o(.data)
    uwTickPrio                               0x200004e0   Data           4  stm32f1xx_hal.o(.data)
    uwTick                                   0x200004e4   Data           4  stm32f1xx_hal.o(.data)
    SystemCoreClock                          0x200004e8   Data           4  system_stm32f1xx.o(.data)
    c_lattice_font_op::get_utf8_code(const char*, unsigned&)::s_utf8_length_table 0x200004ec   Data         256  uicode.o(.data__ZZN17c_lattice_font_op13get_utf8_codeEPKcRjE19s_utf8_length_table)
    OLED_GRAM                                0x200005ec   Data        1024  oled_1.o(.bss)
    theSmallCircle                           0x20001958   Data       14592  uicode.o(.bss)
    theBigCircle                             0x20005258   Data       14592  uicode.o(.bss)
    c_theme::s_font_map                      0x20008b58   Data          32  uicode.o(.bss)
    c_theme::s_color_map                     0x20008b78   Data          44  uicode.o(.bss)
    c_edit::s_keyboard                       0x20008ba4   Data         120  uicode.o(.bss)
    hi2c1                                    0x20008c1c   Data          84  i2c.o(.bss)
    __libspace_start                         0x20008c70   Data          96  libspace.o(.bss)
    __temporary_stack_top$libspace           0x20008cd0   Data           0  libspace.o(.bss)



==============================================================================

Memory Map of the image

  Image Entry point : 0x08000131

  Load Region LR_IROM1 (Base: 0x08000000, Size: 0x00004e8c, Max: 0x00040000, ABSOLUTE, COMPRESSED[0x00004a7c])

    Execution Region ER_IROM1 (Base: 0x08000000, Size: 0x000048a0, Max: 0x00040000, ABSOLUTE)

    Base Addr    Size         Type   Attr      Idx    E Section Name        Object

    0x08000000   0x00000130   Data   RO            3    RESET               startup_stm32f103xe.o
    0x08000130   0x00000008   Code   RO         2788  * !!!main             c_w.l(__main.o)
    0x08000138   0x00000034   Code   RO         3394    !!!scatter          c_w.l(__scatter.o)
    0x0800016c   0x0000005a   Code   RO         3392    !!dczerorl2         c_w.l(__dczerorl2.o)
    0x080001c6   0x00000002   PAD
    0x080001c8   0x0000001c   Code   RO         3396    !!handler_zi        c_w.l(__scatter_zi.o)
    0x080001e4   0x00000002   Code   RO         3315    .ARM.Collect$$libinit$$00000000  c_w.l(libinit.o)
    0x080001e6   0x00000000   Code   RO         3043    .ARM.Collect$$libinit$$00000002  c_w.l(libinit2.o)
    0x080001e6   0x00000000   Code   RO         3045    .ARM.Collect$$libinit$$00000004  c_w.l(libinit2.o)
    0x080001e6   0x00000008   Code   RO         3046    .ARM.Collect$$libinit$$00000005  c_w.l(libinit2.o)
    0x080001ee   0x00000000   Code   RO         3048    .ARM.Collect$$libinit$$0000000A  c_w.l(libinit2.o)
    0x080001ee   0x00000000   Code   RO         3050    .ARM.Collect$$libinit$$0000000C  c_w.l(libinit2.o)
    0x080001ee   0x00000000   Code   RO         3052    .ARM.Collect$$libinit$$0000000E  c_w.l(libinit2.o)
    0x080001ee   0x00000000   Code   RO         3055    .ARM.Collect$$libinit$$00000011  c_w.l(libinit2.o)
    0x080001ee   0x00000000   Code   RO         3057    .ARM.Collect$$libinit$$00000013  c_w.l(libinit2.o)
    0x080001ee   0x00000000   Code   RO         3059    .ARM.Collect$$libinit$$00000015  c_w.l(libinit2.o)
    0x080001ee   0x00000000   Code   RO         3061    .ARM.Collect$$libinit$$00000017  c_w.l(libinit2.o)
    0x080001ee   0x00000000   Code   RO         3063    .ARM.Collect$$libinit$$00000019  c_w.l(libinit2.o)
    0x080001ee   0x00000000   Code   RO         3065    .ARM.Collect$$libinit$$0000001B  c_w.l(libinit2.o)
    0x080001ee   0x00000000   Code   RO         3067    .ARM.Collect$$libinit$$0000001D  c_w.l(libinit2.o)
    0x080001ee   0x00000000   Code   RO         3069    .ARM.Collect$$libinit$$0000001F  c_w.l(libinit2.o)
    0x080001ee   0x00000000   Code   RO         3071    .ARM.Collect$$libinit$$00000021  c_w.l(libinit2.o)
    0x080001ee   0x00000000   Code   RO         3073    .ARM.Collect$$libinit$$00000023  c_w.l(libinit2.o)
    0x080001ee   0x00000000   Code   RO         3075    .ARM.Collect$$libinit$$00000025  c_w.l(libinit2.o)
    0x080001ee   0x00000000   Code   RO         3079    .ARM.Collect$$libinit$$0000002C  c_w.l(libinit2.o)
    0x080001ee   0x00000000   Code   RO         3081    .ARM.Collect$$libinit$$0000002E  c_w.l(libinit2.o)
    0x080001ee   0x00000000   Code   RO         3083    .ARM.Collect$$libinit$$00000030  c_w.l(libinit2.o)
    0x080001ee   0x00000004   Code   RO         3084    .ARM.Collect$$libinit$$00000031  c_w.l(libinit2.o)
    0x080001f2   0x00000000   Code   RO         3085    .ARM.Collect$$libinit$$00000032  c_w.l(libinit2.o)
    0x080001f2   0x00000002   Code   RO         3086    .ARM.Collect$$libinit$$00000033  c_w.l(libinit2.o)
    0x080001f4   0x00000002   Code   RO         3375    .ARM.Collect$$libshutdown$$00000000  c_w.l(libshutdown.o)
    0x080001f6   0x00000006   Code   RO         3087    .ARM.Collect$$libshutdown$$00000001  c_w.l(libshutdown2.o)
    0x080001fc   0x00000000   Code   RO         3089    .ARM.Collect$$libshutdown$$00000003  c_w.l(libshutdown2.o)
    0x080001fc   0x00000000   Code   RO         3092    .ARM.Collect$$libshutdown$$00000006  c_w.l(libshutdown2.o)
    0x080001fc   0x00000000   Code   RO         3095    .ARM.Collect$$libshutdown$$00000009  c_w.l(libshutdown2.o)
    0x080001fc   0x00000000   Code   RO         3097    .ARM.Collect$$libshutdown$$0000000B  c_w.l(libshutdown2.o)
    0x080001fc   0x00000000   Code   RO         3100    .ARM.Collect$$libshutdown$$0000000E  c_w.l(libshutdown2.o)
    0x080001fc   0x00000002   Code   RO         3101    .ARM.Collect$$libshutdown$$0000000F  c_w.l(libshutdown2.o)
    0x080001fe   0x00000000   Code   RO         2961    .ARM.Collect$$rtentry$$00000000  c_w.l(__rtentry.o)
    0x080001fe   0x00000000   Code   RO         3164    .ARM.Collect$$rtentry$$00000002  c_w.l(__rtentry2.o)
    0x080001fe   0x00000006   Code   RO         3176    .ARM.Collect$$rtentry$$00000004  c_w.l(__rtentry4.o)
    0x08000204   0x00000000   Code   RO         3166    .ARM.Collect$$rtentry$$00000009  c_w.l(__rtentry2.o)
    0x08000204   0x00000004   Code   RO         3167    .ARM.Collect$$rtentry$$0000000A  c_w.l(__rtentry2.o)
    0x08000208   0x00000000   Code   RO         3169    .ARM.Collect$$rtentry$$0000000C  c_w.l(__rtentry2.o)
    0x08000208   0x00000008   Code   RO         3170    .ARM.Collect$$rtentry$$0000000D  c_w.l(__rtentry2.o)
    0x08000210   0x00000002   Code   RO         3332    .ARM.Collect$$rtexit$$00000000  c_w.l(rtexit.o)
    0x08000212   0x00000000   Code   RO         3351    .ARM.Collect$$rtexit$$00000002  c_w.l(rtexit2.o)
    0x08000212   0x00000004   Code   RO         3352    .ARM.Collect$$rtexit$$00000003  c_w.l(rtexit2.o)
    0x08000216   0x00000006   Code   RO         3353    .ARM.Collect$$rtexit$$00000004  c_w.l(rtexit2.o)
    0x0800021c   0x00000000   Code   RO         3287    .emb_text           c_w.l(maybetermalloc1.o)
    0x0800021c   0x00000040   Code   RO            4    .text               startup_stm32f103xe.o
    0x0800025c   0x00000028   Code   RO         2742    .text               c_w.l(calloc.o)
    0x08000284   0x00000044   Code   RO         2782    .text               c_w.l(rt_memclr.o)
    0x080002c8   0x0000004e   Code   RO         2784    .text               c_w.l(rt_memclr_w.o)
    0x08000316   0x00000006   Code   RO         2786    .text               c_w.l(heapauxi.o)
    0x0800031c   0x00000024   Code   RO         2793    .text               c_w.l(init_aeabi.o)
    0x08000340   0x00000008   Code   RO         2965    .text               c_w.l(rt_ddtor_pointer_addr_intlibspace.o)
    0x08000348   0x0000005e   Code   RO         2971    .text               c_w.l(h1_alloc.o)
    0x080003a6   0x0000004e   Code   RO         2973    .text               c_w.l(h1_free.o)
    0x080003f4   0x00000016   Code   RO         3029    .text               c_w.l(_rserrno.o)
    0x0800040a   0x00000002   PAD
    0x0800040c   0x00000008   Code   RO         3158    .text               c_w.l(libspace.o)
    0x08000414   0x00000008   Code   RO         3181    .text               c_w.l(rt_heap_descriptor_intlibspace.o)
    0x0800041c   0x00000008   Code   RO         3191    .text               c_w.l(rt_errno_addr_intlibspace.o)
    0x08000424   0x00000004   Code   RO         3193    .text               c_w.l(hguard.o)
    0x08000428   0x0000008a   Code   RO         3195    .text               c_w.l(init_alloc.o)
    0x080004b2   0x0000000e   Code   RO         3199    .text               c_w.l(h1_init.o)
    0x080004c0   0x0000004a   Code   RO         3278    .text               c_w.l(sys_stackheap_outer.o)
    0x0800050a   0x00000034   Code   RO         3289    .text               c_w.l(h1_extend.o)
    0x0800053e   0x0000000c   Code   RO         3293    .text               c_w.l(exit.o)
    0x0800054a   0x0000000e   Code   RO         3297    .text               c_w.l(defsig_rtmem_outer.o)
    0x08000558   0x0000000c   Code   RO         3327    .text               c_w.l(sys_exit.o)
    0x08000564   0x00000002   Code   RO         3329    .text               c_w.l(use_no_semi.o)
    0x08000566   0x00000000   Code   RO         3331    .text               c_w.l(indicate_semi.o)
    0x08000566   0x0000000a   Code   RO         3340    .text               c_w.l(defsig_exit.o)
    0x08000570   0x00000050   Code   RO         3346    .text               c_w.l(defsig_rtmem_inner.o)
    0x080005c0   0x00000032   Code   RO         3363    .text               c_w.l(defsig_general.o)
    0x080005f2   0x0000000e   Code   RO         3369    .text               c_w.l(sys_wrch.o)
    0x08000600   0x00000002   Code   RO         1127    i.BusFault_Handler  stm32f1xx_it.o
    0x08000602   0x00000002   Code   RO         1128    i.DebugMon_Handler  stm32f1xx_it.o
    0x08000604   0x00000002   Code   RO          995    i.Error_Handler     main.o
    0x08000606   0x00000002   PAD
    0x08000608   0x00000024   Code   RO         1737    i.HAL_Delay         stm32f1xx_hal.o
    0x0800062c   0x000001f8   Code   RO         2045    i.HAL_GPIO_Init     stm32f1xx_hal_gpio.o
    0x08000824   0x0000000c   Code   RO         1741    i.HAL_GetTick       stm32f1xx_hal.o
    0x08000830   0x00000188   Code   RO         1273    i.HAL_I2C_Init      stm32f1xx_hal_i2c_1.o
    0x080009b8   0x00000130   Code   RO         1294    i.HAL_I2C_Mem_Write  stm32f1xx_hal_i2c_1.o
    0x08000ae8   0x0000005c   Code   RO         1086    i.HAL_I2C_MspInit   i2c.o
    0x08000b44   0x00000010   Code   RO         1747    i.HAL_IncTick       stm32f1xx_hal.o
    0x08000b54   0x00000024   Code   RO         1748    i.HAL_Init          stm32f1xx_hal.o
    0x08000b78   0x00000040   Code   RO         1749    i.HAL_InitTick      stm32f1xx_hal.o
    0x08000bb8   0x0000003c   Code   RO         1202    i.HAL_MspInit       stm32f1xx_hal_msp.o
    0x08000bf4   0x00000040   Code   RO         2211    i.HAL_NVIC_SetPriority  stm32f1xx_hal_cortex.o
    0x08000c34   0x00000024   Code   RO         2212    i.HAL_NVIC_SetPriorityGrouping  stm32f1xx_hal_cortex.o
    0x08000c58   0x0000012c   Code   RO         1905    i.HAL_RCC_ClockConfig  stm32f1xx_hal_rcc.o
    0x08000d84   0x00000020   Code   RO         1912    i.HAL_RCC_GetPCLK1Freq  stm32f1xx_hal_rcc.o
    0x08000da4   0x00000074   Code   RO         1914    i.HAL_RCC_GetSysClockFreq  stm32f1xx_hal_rcc.o
    0x08000e18   0x00000320   Code   RO         1917    i.HAL_RCC_OscConfig  stm32f1xx_hal_rcc.o
    0x08001138   0x00000028   Code   RO         2216    i.HAL_SYSTICK_Config  stm32f1xx_hal_cortex.o
    0x08001160   0x00000002   Code   RO         1129    i.HardFault_Handler  stm32f1xx_it.o
    0x08001162   0x0000002e   Code   RO         1315    i.I2C_IsAcknowledgeFailed  stm32f1xx_hal_i2c_1.o
    0x08001190   0x000000a8   Code   RO         1326    i.I2C_RequestMemoryWrite  stm32f1xx_hal_i2c_1.o
    0x08001238   0x0000004c   Code   RO         1330    i.I2C_WaitOnBTFFlagUntilTimeout  stm32f1xx_hal_i2c_1.o
    0x08001284   0x00000068   Code   RO         1331    i.I2C_WaitOnFlagUntilTimeout  stm32f1xx_hal_i2c_1.o
    0x080012ec   0x00000096   Code   RO         1332    i.I2C_WaitOnMasterAddressFlagUntilTimeout  stm32f1xx_hal_i2c_1.o
    0x08001382   0x0000004c   Code   RO         1334    i.I2C_WaitOnTXEFlagUntilTimeout  stm32f1xx_hal_i2c_1.o
    0x080013ce   0x00000002   PAD
    0x080013d0   0x0000003c   Code   RO         1061    i.MX_GPIO_Init      gpio.o
    0x0800140c   0x00000040   Code   RO         1087    i.MX_I2C1_Init      i2c.o
    0x0800144c   0x00000002   Code   RO         1130    i.MemManage_Handler  stm32f1xx_it.o
    0x0800144e   0x00000002   Code   RO         1131    i.NMI_Handler       stm32f1xx_it.o
    0x08001450   0x0000002c   Code   RO           13    i.OLED_Clear        oled_1.o
    0x0800147c   0x0000003c   Code   RO           19    i.OLED_DrawPoint    oled_1.o
    0x080014b8   0x000000d2   Code   RO           20    i.OLED_Init         oled_1.o
    0x0800158a   0x00000002   PAD
    0x0800158c   0x0000004c   Code   RO           22    i.OLED_Refresh_Gram  oled_1.o
    0x080015d8   0x0000000a   Code   RO           28    i.OLED_WR_Byte      oled_1.o
    0x080015e2   0x00000002   Code   RO         1132    i.PendSV_Handler    stm32f1xx_it.o
    0x080015e4   0x00000002   Code   RO         1133    i.SVC_Handler       stm32f1xx_it.o
    0x080015e6   0x00000004   Code   RO         1134    i.SysTick_Handler   stm32f1xx_it.o
    0x080015ea   0x0000004c   Code   RO          996    i.SystemClock_Config  main.o
    0x08001636   0x00000002   Code   RO         2706    i.SystemInit        system_stm32f1xx.o
    0x08001638   0x00000002   Code   RO         1135    i.UsageFault_Handler  stm32f1xx_it.o
    0x0800163a   0x00000002   PAD
    0x0800163c   0x00000024   Code   RO           29    i.WriteCmd          oled_1.o
    0x08001660   0x00000024   Code   RO           30    i.WriteDat          oled_1.o
    0x08001684   0x000002a4   Code   RO          232    i._Z10drawCircleiiijiPd  uicode.o
    0x08001928   0x00000024   Code   RO          233    i._Z11projectOnXYPdS_d  uicode.o
    0x0800194c   0x00000006   Code   RO          234    i._Z12thread_sleepj  uicode.o
    0x08001952   0x00000002   PAD
    0x08001954   0x00000010   Code   RO          242    i._Z7_assertPKci    uicode.o
    0x08001964   0x00000068   Code   RO          244    i._Z7rotateXdPdS_   uicode.o
    0x080019cc   0x00000064   Code   RO          245    i._Z7rotateYdPdS_   uicode.o
    0x08001a30   0x0000006c   Code   RO          247    i._Z8multiplyiiiPdS_S_  uicode.o
    0x08001a9c   0x000002b4   Code   RO          249    i._Z9create_uiPviiiP15EXTERNAL_GFX_OP  uicode.o
    0x08001d50   0x00000110   Code   RO          590    i._ZN10c_keyboard14on_key_clickedEii  uicode.o
    0x08001e60   0x00000034   Code   RO          831    i._ZN10c_keyboard8on_paintEv  uicode.o
    0x08001e94   0x00000002   Code   RO          597    i._ZN10c_keyboardD1Ev  uicode.o
    0x08001e96   0x00000002   PAD
    0x08001e98   0x000000a8   Code   RO          868    i._ZN15c_font_operator14get_string_posEPKvS1_6c_rectjRiS3_  uicode.o
    0x08001f40   0x000000d2   Code   RO          667    i._ZN15c_surface_no_fb15fill_rect_on_fbEiiiij  uicode.o
    0x08002012   0x00000064   Code   RO          673    i._ZN15c_surface_no_fb16draw_pixel_on_fbEiij  uicode.o
    0x08002076   0x00000002   PAD
    0x08002078   0x00000210   Code   RO          840    i._ZN17c_keyboard_button8on_paintEv  uicode.o
    0x08002288   0x00000010   Code   RO          600    i._ZN17c_keyboard_buttonC1Ev  uicode.o
    0x08002298   0x00000002   Code   RO          603    i._ZN17c_keyboard_buttonD1Ev  uicode.o
    0x0800229a   0x00000050   Code   RO          679    i._ZN17c_lattice_font_op11draw_stringEP9c_surfaceiPKviiS3_jj  uicode.o
    0x080022ea   0x00000046   Code   RO          476    i._ZN17c_lattice_font_op11get_latticeEPK24struct_lattice_font_infoj  uicode.o
    0x08002330   0x0000011c   Code   RO          882    i._ZN17c_lattice_font_op12draw_latticeEP9c_surfaceiiiiiPKhjj  uicode.o
    0x0800244c   0x00000056   Code   RO          706    i._ZN17c_lattice_font_op12get_str_sizeEPKvS1_RiS2_  uicode.o
    0x080024a2   0x00000002   PAD
    0x080024a4   0x00000054   Code   RO          482    i._ZN17c_lattice_font_op13get_utf8_codeEPKcRj  uicode.o
    0x080024f8   0x000000c0   Code   RO          875    i._ZN17c_lattice_font_op16draw_single_charEP9c_surfaceijiiPK24struct_lattice_font_infojj  uicode.o
    0x080025b8   0x00000068   Code   RO          685    i._ZN17c_lattice_font_op19draw_string_in_rectEP9c_surfaceiPKv6c_rectS3_jjj  uicode.o
    0x08002620   0x00000026   Code   RO          747    i._ZN5c_wnd11show_windowEv  uicode.o
    0x08002646   0x00000002   Code   RO          741    i._ZN5c_wnd8on_paintEv  uicode.o
    0x08002648   0x00000038   Code   RO          501    i._ZN5c_wndC1Ev     uicode.o
    0x08002680   0x00000086   Code   RO          433    i._ZN6Circle12updateRadiusEi  uicode.o
    0x08002706   0x00000002   PAD
    0x08002708   0x00000084   Code   RO          439    i._ZN6Circle4drawEiib  uicode.o
    0x0800278c   0x00000078   Code   RO          446    i._ZN6Circle6rotateEd  uicode.o
    0x08002804   0x00000048   Code   RO          534    i._ZN6CircleC1Eiiijib  uicode.o
    0x0800284c   0x0000002c   Code   RO          546    i._ZN6c_rect8set_rectEiiii  uicode.o
    0x08002878   0x0000000e   Code   RO          540    i._ZN6c_rectC1Ev    uicode.o
    0x08002886   0x00000002   PAD
    0x08002888   0x00000040   Code   RO          494    i._ZN6c_word19draw_string_in_rectEP9c_surfaceiPKv6c_rectS3_jjj  uicode.o
    0x080028c8   0x00000010   Code   RO          552    i._ZN7c_layerC1Ev   uicode.o
    0x080028d8   0x00000020   Code   RO          855    i._ZN7c_theme9get_colorE10COLOR_LIST  uicode.o
    0x080028f8   0x0000002e   Code   RO          452    i._ZN9c_displayC1EPviiP9c_surface  uicode.o
    0x08002926   0x0000002e   Code   RO          558    i._ZN9c_surface10draw_hlineEiiijj  uicode.o
    0x08002954   0x000000f0   Code   RO          641    i._ZN9c_surface10draw_pixelEiijj  uicode.o
    0x08002a44   0x0000002e   Code   RO          565    i._ZN9c_surface10draw_vlineEiiijj  uicode.o
    0x08002a72   0x00000002   PAD
    0x08002a74   0x00000074   Code   RO          458    i._ZN9c_surface11set_surfaceE13Z_ORDER_LEVEL6c_rect  uicode.o
    0x08002ae8   0x000000d6   Code   RO          655    i._ZN9c_surface15fill_rect_on_fbEiiiij  uicode.o
    0x08002bbe   0x0000006a   Code   RO          661    i._ZN9c_surface16draw_pixel_on_fbEiij  uicode.o
    0x08002c28   0x0000007a   Code   RO          470    i._ZN9c_surface9draw_rectE6c_rectjjj  uicode.o
    0x08002ca2   0x00000014   Code   RO          861    i._ZN9c_surface9fill_rectE6c_rectjj  uicode.o
    0x08002cb6   0x00000104   Code   RO          648    i._ZN9c_surface9fill_rectEiiiijj  uicode.o
    0x08002dba   0x00000002   PAD
    0x08002dbc   0x0000009c   Code   RO          464    i._ZN9c_surfaceC1Ejjj13Z_ORDER_LEVEL6c_rect  uicode.o
    0x08002e58   0x0000000c   Code   RO          584    i._ZNK5c_wnd12get_wnd_rectER6c_rect  uicode.o
    0x08002e64   0x0000004c   Code   RO          514    i._ZNK5c_wnd15get_screen_rectER6c_rect  uicode.o
    0x08002eb0   0x00000020   Code   RO          849    i._ZNK6c_rect10pt_in_rectEii  uicode.o
    0x08002ed0   0x00000028   Code   RO         3272    i.__ARM_fpclassify  m_ws.l(fpclassify.o)
    0x08002ef8   0x00000020   Code   RO         2218    i.__NVIC_SetPriority  stm32f1xx_hal_cortex.o
    0x08002f18   0x00000032   Code   RO         2911    i.__aeabi_atexit    cpprt_w.l(aeabi_atexit.o)
    0x08002f4a   0x00000024   Code   RO         2914    i.__aeabi_vec_ctor_nocookie_nodtor  cpprt_w.l(aeabi_vec_ctor_nocookie_nodtor.o)
    0x08002f6e   0x00000042   Code   RO         3107    i.__cxa_finalize    cpprt_w.l(cxa_finalize.o)
    0x08002fb0   0x00000010   Code   RO         2799    i.__cxa_guard_acquire  cpprt_w.l(cxa_guard_acquire.o)
    0x08002fc0   0x00000388   Code   RO         3147    i.__ieee754_rem_pio2  m_ws.l(rred.o)
    0x08003348   0x000000fc   Code   RO         3130    i.__kernel_cos      m_ws.l(cos_i.o)
    0x08003444   0x000000aa   Code   RO         3274    i.__kernel_poly     m_ws.l(poly.o)
    0x080034ee   0x00000002   PAD
    0x080034f0   0x000000ec   Code   RO         3152    i.__kernel_sin      m_ws.l(sin_i.o)
    0x080035dc   0x00000006   Code   RO         3134    i.__mathlib_dbl_infnan  m_ws.l(dunder.o)
    0x080035e2   0x0000000c   Code   RO         3136    i.__mathlib_dbl_invalid  m_ws.l(dunder.o)
    0x080035ee   0x00000002   PAD
    0x080035f0   0x00000010   Code   RO         3139    i.__mathlib_dbl_underflow  m_ws.l(dunder.o)
    0x08003600   0x00000344   Code   RO          253    i.__sti___10_UIcode_cpp_396ac66f  uicode.o
    0x08003944   0x0000009c   Code   RO         2946    i.cos               m_ws.l(cos.o)
    0x080039e0   0x00000004   Code   RO          997    i.delay_ms          main.o
    0x080039e4   0x0000000a   Code   RO          999    i.gfx_draw_pixel    main.o
    0x080039ee   0x00000002   PAD
    0x080039f0   0x00000038   Code   RO         1000    i.main              main.o
    0x08003a28   0x000000a0   Code   RO         2954    i.sin               m_ws.l(sin.o)
    0x08003ac8   0x0000000a   Code   RO          255    i.startHelloCircle  uicode.o
    0x08003ad2   0x00000002   PAD
    0x08003ad4   0x00000150   Code   RO         2917    x$fpl$dadd          fz_ws.l(daddsub_clz.o)
    0x08003c24   0x00000010   Code   RO         3325    x$fpl$dcheck1       fz_ws.l(dcheck1.o)
    0x08003c34   0x00000018   Code   RO         3123    x$fpl$dcmpinf       fz_ws.l(dcmpi.o)
    0x08003c4c   0x000002b0   Code   RO         2924    x$fpl$ddiv          fz_ws.l(ddiv.o)
    0x08003efc   0x0000005e   Code   RO         2927    x$fpl$dfix          fz_ws.l(dfix.o)
    0x08003f5a   0x0000002e   Code   RO         2932    x$fpl$dflt          fz_ws.l(dflt_clz.o)
    0x08003f88   0x00000026   Code   RO         2931    x$fpl$dfltu         fz_ws.l(dflt_clz.o)
    0x08003fae   0x00000002   PAD
    0x08003fb0   0x00000078   Code   RO         2937    x$fpl$dleqf         fz_ws.l(dleqf.o)
    0x08004028   0x00000154   Code   RO         2939    x$fpl$dmul          fz_ws.l(dmul.o)
    0x0800417c   0x0000009c   Code   RO         3125    x$fpl$dnaninf       fz_ws.l(dnaninf.o)
    0x08004218   0x0000000c   Code   RO         3127    x$fpl$dretinf       fz_ws.l(dretinf.o)
    0x08004224   0x0000006c   Code   RO         2941    x$fpl$drleqf        fz_ws.l(drleqf.o)
    0x08004290   0x00000016   Code   RO         2918    x$fpl$drsb          fz_ws.l(daddsub_clz.o)
    0x080042a6   0x00000002   PAD
    0x080042a8   0x000001d4   Code   RO         2919    x$fpl$dsub          fz_ws.l(daddsub_clz.o)
    0x0800447c   0x00000064   Code   RO         3348    x$fpl$retnan        fz_ws.l(retnan.o)
    0x080044e0   0x0000005c   Code   RO         3270    x$fpl$scalbn        fz_ws.l(scalbn.o)
    0x0800453c   0x00000030   Code   RO         3367    x$fpl$trapveneer    fz_ws.l(trapv.o)
    0x0800456c   0x00000000   Code   RO         3129    x$fpl$usenofp       fz_ws.l(usenofp.o)
    0x0800456c   0x00000010   Data   RO         2707    .constdata          system_stm32f1xx.o
    0x0800457c   0x00000008   Data   RO         2708    .constdata          system_stm32f1xx.o
    0x08004584   0x00000004   PAD
    0x08004588   0x00000030   Data   RO         3131    .constdata          m_ws.l(cos_i.o)
    0x080045b8   0x000000c8   Data   RO         3149    .constdata          m_ws.l(rred.o)
    0x08004680   0x00000028   Data   RO         3153    .constdata          m_ws.l(sin_i.o)
    0x080046a8   0x00000038   Data   RO          617    .constdata__ZTV10c_keyboard  uicode.o
    0x080046e0   0x00000018   Data   RO          609    .constdata__ZTV15c_surface_no_fb  uicode.o
    0x080046f8   0x00000010   Data   RO          613    .constdata__ZTV17c_bitmap_operator  uicode.o
    0x08004708   0x00000034   Data   RO          619    .constdata__ZTV17c_keyboard_button  uicode.o
    0x0800473c   0x0000001c   Data   RO          611    .constdata__ZTV17c_lattice_font_op  uicode.o
    0x08004758   0x00000034   Data   RO          615    .constdata__ZTV5c_wnd  uicode.o
    0x0800478c   0x00000018   Data   RO          607    .constdata__ZTV9c_surface  uicode.o
    0x080047a4   0x00000014   Data   RO          424    .constdata__ZZN10c_keyboard15on_char_clickedEiiEs  uicode.o
    0x080047b8   0x00000014   Data   RO          408    .constdata__ZZN15c_font_operator14get_string_posEPKvS1_6c_rectjRiS3_Es  uicode.o
    0x080047cc   0x00000014   Data   RO          425    .constdata__ZZN17c_keyboard_button8on_paintEvEs  uicode.o
    0x080047e0   0x00000005   Data   RO          426    .constdata__ZZN17c_keyboard_button8on_paintEvEs_0  uicode.o
    0x080047e5   0x00000004   Data   RO          427    .constdata__ZZN17c_keyboard_button8on_paintEvEs_1  uicode.o
    0x080047e9   0x00000006   Data   RO          428    .constdata__ZZN17c_keyboard_button8on_paintEvEs_2  uicode.o
    0x080047ef   0x00000006   Data   RO          429    .constdata__ZZN17c_keyboard_button8on_paintEvEs_3  uicode.o
    0x080047f5   0x00000002   Data   RO          430    .constdata__ZZN17c_keyboard_button8on_paintEvEs_4  uicode.o
    0x080047f7   0x00000005   Data   RO          431    .constdata__ZZN17c_keyboard_button8on_paintEvEs_5  uicode.o
    0x080047fc   0x00000005   Data   RO          432    .constdata__ZZN17c_keyboard_button8on_paintEvEs_6  uicode.o
    0x08004801   0x00000014   Data   RO          414    .constdata__ZZN17c_lattice_font_op12draw_latticeEP9c_surfaceiiiiiPKhjjEs  uicode.o
    0x08004815   0x00000014   Data   RO          415    .constdata__ZZN17c_lattice_font_op13get_utf8_codeEPKcRjEs  uicode.o
    0x08004829   0x00000014   Data   RO          402    .constdata__ZZN6c_rect8set_rectEiiiiEs  uicode.o
    0x0800483d   0x00000014   Data   RO          404    .constdata__ZZN7c_theme9get_colorE10COLOR_LISTEs  uicode.o
    0x08004851   0x00000014   Data   RO          405    .constdata__ZZN9c_surface10draw_pixelEiijjEs  uicode.o
    0x08004865   0x00000014   Data   RO          407    .constdata__ZZN9c_surface11set_surfaceE13Z_ORDER_LEVEL6c_rectEs  uicode.o
    0x08004879   0x00000003   PAD
    0x0800487c   0x00000020   Data   RO         3390    Region$$Table       anon$$obj.o
    0x0800489c   0x00000004   Data   RO          287    .init_array         uicode.o
    0x080048a0   0x00000000   Data   RO         2791    .init_array         c_w.l(init_aeabi.o)


    Execution Region RW_IRAM1 (Base: 0x20000000, Size: 0x000098d0, Max: 0x0000c000, ABSOLUTE, COMPRESSED[0x000001dc])

    Base Addr    Size         Type   Attr      Idx    E Section Name        Object

    0x20000000   0x000004d4   Data   RW          285    .data               uicode.o
    0x200004d4   0x00000008   Data   RW         1001    .data               main.o
    0x200004dc   0x0000000c   Data   RW         1755    .data               stm32f1xx_hal.o
    0x200004e8   0x00000004   Data   RW         2709    .data               system_stm32f1xx.o
    0x200004ec   0x00000100   Data   RW          620    .data__ZZN17c_lattice_font_op13get_utf8_codeEPKcRjE19s_utf8_length_table  uicode.o
    0x200005ec   0x00000400   Zero   RW           31    .bss                oled_1.o
    0x200009ec   0x00000004   PAD
    0x200009f0   0x0000822c   Zero   RW          282    .bss                uicode.o
    0x20008c1c   0x00000054   Zero   RW         1088    .bss                i2c.o
    0x20008c70   0x00000060   Zero   RW         3159    .bss                c_w.l(libspace.o)
    0x20008cd0   0x00000800   Zero   RW            2    HEAP                startup_stm32f103xe.o
    0x200094d0   0x00000400   Zero   RW            1    STACK               startup_stm32f103xe.o


==============================================================================

Image component sizes


      Code (inc. data)   RO Data    RW Data    ZI Data      Debug   Object Name

        60          6          0          0          0        735   gpio.o
       156         26          0          0         84       1449   i2c.o
       148          8          0          8          0       2764   main.o
       472         28          0          0       1024     457240   oled_1.o
        64         26        304          0       3072        780   startup_stm32f103xe.o
       164         28          0         12          0       6197   stm32f1xx_hal.o
       172         14          0          0          0      27830   stm32f1xx_hal_cortex.o
       504         42          0          0          0       1956   stm32f1xx_hal_gpio.o
      1316         32          0          0          0       7771   stm32f1xx_hal_i2c_1.o
        60          8          0          0          0        786   stm32f1xx_hal_msp.o
      1248         90          0          0          0       4261   stm32f1xx_hal_rcc.o
        20          0          0          0          0       3530   stm32f1xx_it.o
         2          0         24          4          0       1003   system_stm32f1xx.o
      7050        340        469       1492      33324      69002   uicode.o

    ----------------------------------------------------------------------
     11464        648        836       1516      37508     585304   Object Totals
         0          0         32          0          0          0   (incl. Generated)
        28          0          7          0          4          0   (incl. Padding)

    ----------------------------------------------------------------------

      Code (inc. data)   RO Data    RW Data    ZI Data      Debug   Library Member Name

        90          0          0          0          0          0   __dczerorl2.o
         8          0          0          0          0         68   __main.o
         0          0          0          0          0          0   __rtentry.o
        12          0          0          0          0          0   __rtentry2.o
         6          0          0          0          0          0   __rtentry4.o
        52          8          0          0          0          0   __scatter.o
        28          0          0          0          0          0   __scatter_zi.o
        22          0          0          0          0        100   _rserrno.o
        40          0          0          0          0         80   calloc.o
        10          0          0          0          0         68   defsig_exit.o
        50          0          0          0          0         88   defsig_general.o
        80         58          0          0          0         76   defsig_rtmem_inner.o
        14          0          0          0          0         80   defsig_rtmem_outer.o
        12          0          0          0          0         72   exit.o
        94          0          0          0          0         80   h1_alloc.o
        52          0          0          0          0         68   h1_extend.o
        78          0          0          0          0         80   h1_free.o
        14          0          0          0          0         84   h1_init.o
         6          0          0          0          0        152   heapauxi.o
         4          0          0          0          0        136   hguard.o
         0          0          0          0          0          0   indicate_semi.o
        36         10          0          0          0         80   init_aeabi.o
       138          0          0          0          0        168   init_alloc.o
         2          0          0          0          0          0   libinit.o
        14          0          0          0          0          0   libinit2.o
         2          0          0          0          0          0   libshutdown.o
         8          0          0          0          0          0   libshutdown2.o
         8          4          0          0         96         68   libspace.o
         0          0          0          0          0          0   maybetermalloc1.o
         8          4          0          0          0         68   rt_ddtor_pointer_addr_intlibspace.o
         8          4          0          0          0         68   rt_errno_addr_intlibspace.o
         8          4          0          0          0         68   rt_heap_descriptor_intlibspace.o
        68          0          0          0          0         68   rt_memclr.o
        78          0          0          0          0         80   rt_memclr_w.o
         2          0          0          0          0          0   rtexit.o
        10          0          0          0          0          0   rtexit2.o
        12          4          0          0          0         68   sys_exit.o
        74          0          0          0          0         80   sys_stackheap_outer.o
        14          0          0          0          0         76   sys_wrch.o
         2          0          0          0          0         68   use_no_semi.o
        50          0          0          0          0         84   aeabi_atexit.o
        36          0          0          0          0         84   aeabi_vec_ctor_nocookie_nodtor.o
        66          0          0          0          0         84   cxa_finalize.o
        16          0          0          0          0         68   cxa_guard_acquire.o
       826         16          0          0          0        348   daddsub_clz.o
        16          4          0          0          0         68   dcheck1.o
        24          0          0          0          0         68   dcmpi.o
       688        140          0          0          0        208   ddiv.o
        94          4          0          0          0         92   dfix.o
        84          0          0          0          0        136   dflt_clz.o
       120          4          0          0          0         92   dleqf.o
       340         12          0          0          0        104   dmul.o
       156          4          0          0          0         92   dnaninf.o
        12          0          0          0          0         68   dretinf.o
       108          0          0          0          0         80   drleqf.o
       100          0          0          0          0         68   retnan.o
        92          0          0          0          0         68   scalbn.o
        48          0          0          0          0         68   trapv.o
         0          0          0          0          0          0   usenofp.o
       156          8          0          0          0        104   cos.o
       252         22         48          0          0        124   cos_i.o
        34          6          0          0          0        204   dunder.o
        40          0          0          0          0         68   fpclassify.o
       170          0          0          0          0         96   poly.o
       904         76        200          0          0        140   rred.o
       160         10          0          0          0        108   sin.o
       236         12         40          0          0        128   sin_i.o

    ----------------------------------------------------------------------
      6004        414        288          0         96       5044   Library Totals
        12          0          0          0          0          0   (incl. Padding)

    ----------------------------------------------------------------------

      Code (inc. data)   RO Data    RW Data    ZI Data      Debug   Library Name

      1164         96          0          0         96       2192   c_w.l
       168          0          0          0          0        320   cpprt_w.l
      2708        184          0          0          0       1560   fz_ws.l
      1952        134        288          0          0        972   m_ws.l

    ----------------------------------------------------------------------
      6004        414        288          0         96       5044   Library Totals

    ----------------------------------------------------------------------

==============================================================================


      Code (inc. data)   RO Data    RW Data    ZI Data      Debug   

     17468       1062       1124       1516      37604     582544   Grand Totals
     17468       1062       1124        476      37604     582544   ELF Image Totals (compressed)
     17468       1062       1124        476          0          0   ROM Totals

==============================================================================

    Total RO  Size (Code + RO Data)                18592 (  18.16kB)
    Total RW  Size (RW Data + ZI Data)             39120 (  38.20kB)
    Total ROM Size (Code + RO Data + RW Data)      19068 (  18.62kB)

==============================================================================

